Godot Engine v4.6.3.stable.official.7d41c59c4 - https://godotengine.org

[   0% ] first_scan_filesystem | Started 项目初始化 (5 steps)
[   0% ] first_scan_filesystem | 正在扫描文件结构……
[  16% ] first_scan_filesystem | 正在加载全局类名……
[  33% ] first_scan_filesystem | 正在校验 GDExtension……
[  50% ] first_scan_filesystem | 正在创建自动加载脚本……
[  66% ] first_scan_filesystem | 正在初始化插件……
[  83% ] first_scan_filesystem | 正在启动文件扫描……
[ DONE ] first_scan_filesystem

[   0% ] update_scripts_classes | Started 正在注册全局类…… (17 steps)
[   0% ] update_scripts_classes | BattleController
[   5% ] update_scripts_classes | BattleUnitState
[  11% ] update_scripts_classes | CardData
[  16% ] update_scripts_classes | CardEnums
[  22% ] update_scripts_classes | CurseDiseaseCardEffect
[  27% ] update_scripts_classes | DruidCorrosionCurseEffect
[  33% ] update_scripts_classes | CharacterState
[  38% ] update_scripts_classes | CurseDefinition
[  44% ] update_scripts_classes | CurseEffect
[  50% ] update_scripts_classes | CurseInstance
[  55% ] update_scripts_classes | PartyRunState
[  61% ] update_scripts_classes | DruidWeaponEffect
[  66% ] update_scripts_classes | CurseDiseasePendingStatus
[  72% ] update_scripts_classes | CurseUndyingStatus
[  77% ] update_scripts_classes | DruidCorrosionPendingStatus
[  83% ] update_scripts_classes | StatusEffect
[  88% ] update_scripts_classes | 
[ DONE ] update_scripts_classes

[   0% ] loading_editor_layout | Started 正在加载编辑器 (5 steps)
[   0% ] loading_editor_layout | 正在加载编辑器布局……
[  16% ] loading_editor_layout | 正在加载停靠面板……
[  33% ] loading_editor_layout | 正在重新打开场景……
SCRIPT ERROR: Parse Error: Cannot infer the type of "effect" variable because the value doesn't have a set type.
   at: GDScript::reload (res://scripts/battle/battle_unit_state.gd:1920)
SCRIPT ERROR: Compile Error: Failed to compile depended scripts.
   at: GDScript::reload (res://scripts/cards/card_effect.gd:0)
SCRIPT ERROR: Compile Error: Failed to compile depended scripts.
   at: GDScript::reload (res://scripts/cards/card_data.gd:0)
SCRIPT ERROR: Compile Error: Failed to compile depended scripts.
   at: GDScript::reload (res://scripts/cards/card_view.gd:0)
ERROR: Failed to load script "res://scripts/cards/card_view.gd" with error "Parse error".
   at: load (modules/gdscript/gdscript.cpp:2907)
[  50% ] loading_editor_layout | 正在加载中央编辑器布局……
[  66% ] loading_editor_layout | 正在加载插件窗口布局……
[  83% ] loading_editor_layout | 编辑器布局就绪。
[ DONE ] loading_editor_layout

