Godot Engine v4.6.3.stable.official.7d41c59c4 - https://godotengine.org

[   0% ] first_scan_filesystem | Started 项目初始化 (5 steps)
[   0% ] first_scan_filesystem | 正在扫描文件结构……
[  16% ] first_scan_filesystem | 正在加载全局类名……
[  33% ] first_scan_filesystem | 正在校验 GDExtension……
[  50% ] first_scan_filesystem | 正在创建自动加载脚本……
[  66% ] first_scan_filesystem | 正在初始化插件……
[  83% ] first_scan_filesystem | 正在启动文件扫描……
[ DONE ] first_scan_filesystem

[   0% ] update_scripts_classes | Started 正在注册全局类…… (7 steps)
[   0% ] update_scripts_classes | BattleController
[  12% ] update_scripts_classes | BattleUnitState
[  25% ] update_scripts_classes | CurseIndustryCardEffect
[  37% ] update_scripts_classes | CharacterState
[  50% ] update_scripts_classes | CoreCurseEffect
[  62% ] update_scripts_classes | 
[  75% ] update_scripts_classes | 
[ DONE ] update_scripts_classes

[   0% ] loading_editor_layout | Started 正在加载编辑器 (5 steps)
[   0% ] loading_editor_layout | 正在加载编辑器布局……
[  16% ] loading_editor_layout | 正在加载停靠面板……
[  33% ] loading_editor_layout | 正在重新打开场景……
SCRIPT ERROR: Parse Error: Could not parse global class "BattleController" from "res://scripts/battle/battle_controller.gd".
   at: GDScript::reload (res://scripts/battle/battle_unit_state.gd:45)
SCRIPT ERROR: Parse Error: Could not parse global class "BattleController" from "res://scripts/battle/battle_controller.gd".
   at: GDScript::reload (res://scripts/battle/battle_unit_state.gd:1566)
SCRIPT ERROR: Parse Error: Could not parse global class "BattleController" from "res://scripts/battle/battle_controller.gd".
   at: GDScript::reload (res://scripts/battle/battle_unit_state.gd:2013)
SCRIPT ERROR: Parse Error: Could not parse global class "BattleController" from "res://scripts/battle/battle_controller.gd".
   at: GDScript::reload (res://scripts/battle/battle_unit_state.gd:2013)
SCRIPT ERROR: Parse Error: Could not parse global class "BattleController" from "res://scripts/battle/battle_controller.gd".
   at: GDScript::reload (res://scripts/battle/battle_unit_state.gd:2095)
SCRIPT ERROR: Parse Error: Could not parse global class "BattleController" from "res://scripts/battle/battle_controller.gd".
   at: GDScript::reload (res://scripts/battle/battle_unit_state.gd:2095)
SCRIPT ERROR: Parse Error: Could not parse global class "BattleController" from "res://scripts/battle/battle_controller.gd".
   at: GDScript::reload (res://scripts/battle/battle_unit_state.gd:2101)
SCRIPT ERROR: Parse Error: Could not parse global class "BattleController" from "res://scripts/battle/battle_controller.gd".
   at: GDScript::reload (res://scripts/battle/battle_unit_state.gd:2101)
SCRIPT ERROR: Parse Error: Could not parse global class "BattleController" from "res://scripts/battle/battle_controller.gd".
   at: GDScript::reload (res://scripts/battle/damage_context.gd:4)
SCRIPT ERROR: Parse Error: Could not parse global class "BattleController" from "res://scripts/battle/battle_controller.gd".
   at: GDScript::reload (res://scripts/battle/damage_context.gd:14)
SCRIPT ERROR: Compile Error: Failed to compile depended scripts.
   at: GDScript::reload (res://scripts/curses/curse_effect.gd:0)
SCRIPT ERROR: Compile Error: Failed to compile depended scripts.
   at: GDScript::reload (res://scripts/curses/curse_definition.gd:0)
SCRIPT ERROR: Compile Error: Failed to compile depended scripts.
   at: GDScript::reload (res://scripts/curses/curse_instance.gd:0)
SCRIPT ERROR: Compile Error: Failed to compile depended scripts.
   at: GDScript::reload (res://scripts/cards/card_effect.gd:0)
SCRIPT ERROR: Parse Error: Could not parse global class "BattleController" from "res://scripts/battle/battle_controller.gd".
   at: GDScript::reload (res://scripts/cards/conditions/card_play_condition.gd:27)
SCRIPT ERROR: Parse Error: Could not parse global class "BattleController" from "res://scripts/battle/battle_controller.gd".
   at: GDScript::reload (res://scripts/cards/conditions/card_play_condition.gd:29)
SCRIPT ERROR: Compile Error: Failed to compile depended scripts.
   at: GDScript::reload (res://scripts/cards/card_data.gd:0)
SCRIPT ERROR: Compile Error: Failed to compile depended scripts.
   at: GDScript::reload (res://scripts/cards/card_view.gd:0)
ERROR: Failed to load script "res://scripts/cards/card_view.gd" with error "Parse error".
   at: load (modules/gdscript/gdscript.cpp:2907)
SCRIPT ERROR: Parse Error: Could not parse global class "BattleController" from "res://scripts/battle/battle_controller.gd".
   at: GDScript::reload (res://scripts/cards/damage_card_effect.gd:8)
SCRIPT ERROR: Parse Error: Could not parse global class "BattleController" from "res://scripts/battle/battle_controller.gd".
   at: GDScript::reload (res://scripts/cards/damage_card_effect.gd:8)
ERROR: Failed to load script "res://scripts/cards/damage_card_effect.gd" with error "Parse error".
   at: load (modules/gdscript/gdscript.cpp:2907)
SCRIPT ERROR: Parse Error: Could not parse global class "BattleController" from "res://scripts/battle/battle_controller.gd".
   at: GDScript::reload (res://scripts/items/effects/mountain_cleaver_effect.gd:8)
SCRIPT ERROR: Parse Error: Cannot infer the type of "controller" variable because the value doesn't have a set type.
   at: GDScript::reload (res://scripts/items/effects/mountain_cleaver_effect.gd:8)
SCRIPT ERROR: Parse Error: Could not resolve class "BattleController", because of a parser error.
   at: GDScript::reload (res://scripts/items/effects/mountain_cleaver_effect.gd:9)
ERROR: Failed to load script "res://scripts/items/effects/mountain_cleaver_effect.gd" with error "Parse error".
   at: load (modules/gdscript/gdscript.cpp:2907)
SCRIPT ERROR: Parse Error: Could not resolve class "BattleController", because of a parser error.
   at: GDScript::reload (res://scripts/cards/charge_card_effect.gd:39)
ERROR: Failed to load script "res://scripts/cards/charge_card_effect.gd" with error "Parse error".
   at: load (modules/gdscript/gdscript.cpp:2907)
SCRIPT ERROR: Parse Error: Could not resolve external class member "controller".
   at: GDScript::reload (res://scripts/status/block_status.gd:17)
SCRIPT ERROR: Compile Error: Failed to compile depended scripts.
   at: GDScript::reload (res://scripts/cards/defensive_stance_card_effect.gd:0)
ERROR: Failed to load script "res://scripts/cards/defensive_stance_card_effect.gd" with error "Parse error".
   at: load (modules/gdscript/gdscript.cpp:2907)
SCRIPT ERROR: Parse Error: Could not resolve class "BattleController", because of a parser error.
   at: GDScript::reload (res://scripts/items/effects/ceremonial_sword_shield_effect.gd:8)
ERROR: Failed to load script "res://scripts/items/effects/ceremonial_sword_shield_effect.gd" with error "Parse error".
   at: load (modules/gdscript/gdscript.cpp:2907)
SCRIPT ERROR: Parse Error: Could not resolve class "BattleController", because of a parser error.
   at: GDScript::reload (res://scripts/cards/battle_master_card_effect.gd:40)
ERROR: Failed to load script "res://scripts/cards/battle_master_card_effect.gd" with error "Parse error".
   at: load (modules/gdscript/gdscript.cpp:2907)
SCRIPT ERROR: Parse Error: Could not parse global class "BattleController" from "res://scripts/battle/battle_controller.gd".
   at: GDScript::reload (res://scripts/cards/gather_momentum_whirlwind_card_effect.gd:65)
SCRIPT ERROR: Parse Error: Could not parse global class "BattleController" from "res://scripts/battle/battle_controller.gd".
   at: GDScript::reload (res://scripts/cards/gather_momentum_whirlwind_card_effect.gd:25)
SCRIPT ERROR: Parse Error: Could not parse global class "BattleController" from "res://scripts/battle/battle_controller.gd".
   at: GDScript::reload (res://scripts/cards/gather_momentum_whirlwind_card_effect.gd:25)
SCRIPT ERROR: Parse Error: Could not resolve class "BattleController", because of a parser error.
   at: GDScript::reload (res://scripts/cards/gather_momentum_whirlwind_card_effect.gd:33)
SCRIPT ERROR: Parse Error: Could not parse global class "BattleController" from "res://scripts/battle/battle_controller.gd".
   at: GDScript::reload (res://scripts/cards/gather_momentum_whirlwind_card_effect.gd:45)
SCRIPT ERROR: Parse Error: Could not parse global class "BattleController" from "res://scripts/battle/battle_controller.gd".
   at: GDScript::reload (res://scripts/cards/gather_momentum_whirlwind_card_effect.gd:45)
SCRIPT ERROR: Parse Error: Could not resolve class "BattleController", because of a parser error.
   at: GDScript::reload (res://scripts/cards/gather_momentum_whirlwind_card_effect.gd:58)
SCRIPT ERROR: Parse Error: Could not resolve class "BattleController", because of a parser error.
   at: GDScript::reload (res://scripts/cards/gather_momentum_whirlwind_card_effect.gd:67)
SCRIPT ERROR: Parse Error: Could not resolve class "BattleController", because of a parser error.
   at: GDScript::reload (res://scripts/cards/gather_momentum_whirlwind_card_effect.gd:72)
ERROR: Failed to load script "res://scripts/cards/gather_momentum_whirlwind_card_effect.gd" with error "Parse error".
   at: load (modules/gdscript/gdscript.cpp:2907)
SCRIPT ERROR: Parse Error: Could not resolve class "CardPlayCondition".
   at: GDScript::reload (res://scripts/cards/conditions/pay_ap_condition.gd:1)
SCRIPT ERROR: Parse Error: Could not resolve class "CardPlayCondition".
   at: GDScript::reload (res://scripts/cards/conditions/pay_ap_condition.gd:1)
SCRIPT ERROR: Parse Error: Cannot infer the type of "controller" variable because the value doesn't have a set type.
   at: GDScript::reload (res://scripts/cards/conditions/pay_ap_condition.gd:23)
SCRIPT ERROR: Parse Error: Cannot get property "_emit_log" on a null object.
   at: GDScript::reload (res://scripts/cards/conditions/pay_ap_condition.gd:25)
SCRIPT ERROR: Parse Error: Function "_emit_log()" not found in base null.
   at: GDScript::reload (res://scripts/cards/conditions/pay_ap_condition.gd:25)
ERROR: Failed to load script "res://scripts/cards/conditions/pay_ap_condition.gd" with error "Parse error".
   at: load (modules/gdscript/gdscript.cpp:2907)
SCRIPT ERROR: Parse Error: Could not parse global class "BattleController" from "res://scripts/battle/battle_controller.gd".
   at: GDScript::reload (res://scripts/cards/sentinel_strike_card_effect.gd:15)
SCRIPT ERROR: Parse Error: Could not parse global class "BattleController" from "res://scripts/battle/battle_controller.gd".
   at: GDScript::reload (res://scripts/cards/sentinel_strike_card_effect.gd:15)
ERROR: Failed to load script "res://scripts/cards/sentinel_strike_card_effect.gd" with error "Parse error".
   at: load (modules/gdscript/gdscript.cpp:2907)
SCRIPT ERROR: Parse Error: Could not parse global class "BattleController" from "res://scripts/battle/battle_controller.gd".
   at: GDScript::reload (res://scripts/cards/relentless_card_effect.gd:73)
SCRIPT ERROR: Parse Error: Could not parse global class "BattleController" from "res://scripts/battle/battle_controller.gd".
   at: GDScript::reload (res://scripts/cards/relentless_card_effect.gd:47)
SCRIPT ERROR: Parse Error: Could not parse global class "BattleController" from "res://scripts/battle/battle_controller.gd".
   at: GDScript::reload (res://scripts/cards/relentless_card_effect.gd:47)
SCRIPT ERROR: Parse Error: Could not parse global class "BattleController" from "res://scripts/battle/battle_controller.gd".
   at: GDScript::reload (res://scripts/cards/relentless_card_effect.gd:57)
SCRIPT ERROR: Parse Error: Could not parse global class "BattleController" from "res://scripts/battle/battle_controller.gd".
   at: GDScript::reload (res://scripts/cards/relentless_card_effect.gd:57)
ERROR: Failed to load script "res://scripts/cards/relentless_card_effect.gd" with error "Parse error".
   at: load (modules/gdscript/gdscript.cpp:2907)
SCRIPT ERROR: Parse Error: Could not resolve class "CardPlayCondition".
   at: GDScript::reload (res://scripts/cards/conditions/banish_discard_condition.gd:1)
SCRIPT ERROR: Parse Error: Could not resolve class "CardPlayCondition".
   at: GDScript::reload (res://scripts/cards/conditions/banish_discard_condition.gd:1)
SCRIPT ERROR: Parse Error: Cannot infer the type of "controller" variable because the value doesn't have a set type.
   at: GDScript::reload (res://scripts/cards/conditions/banish_discard_condition.gd:28)
SCRIPT ERROR: Parse Error: Cannot get property "_emit_log" on a null object.
   at: GDScript::reload (res://scripts/cards/conditions/banish_discard_condition.gd:30)
SCRIPT ERROR: Parse Error: Function "_emit_log()" not found in base null.
   at: GDScript::reload (res://scripts/cards/conditions/banish_discard_condition.gd:30)
ERROR: Failed to load script "res://scripts/cards/conditions/banish_discard_condition.gd" with error "Parse error".
   at: load (modules/gdscript/gdscript.cpp:2907)
SCRIPT ERROR: Parse Error: Could not parse global class "BattleController" from "res://scripts/battle/battle_controller.gd".
   at: GDScript::reload (res://scripts/cards/stand_firm_card_effect.gd:63)
SCRIPT ERROR: Parse Error: Could not parse global class "BattleController" from "res://scripts/battle/battle_controller.gd".
   at: GDScript::reload (res://scripts/cards/stand_firm_card_effect.gd:34)
SCRIPT ERROR: Parse Error: Could not parse global class "BattleController" from "res://scripts/battle/battle_controller.gd".
   at: GDScript::reload (res://scripts/cards/stand_firm_card_effect.gd:34)
ERROR: Failed to load script "res://scripts/cards/stand_firm_card_effect.gd" with error "Parse error".
   at: load (modules/gdscript/gdscript.cpp:2907)
SCRIPT ERROR: Parse Error: Could not parse global class "BattleController" from "res://scripts/battle/battle_controller.gd".
   at: GDScript::reload (res://scripts/cards/barbaric_brawl_card_effect.gd:90)
SCRIPT ERROR: Parse Error: Could not parse global class "BattleController" from "res://scripts/battle/battle_controller.gd".
   at: GDScript::reload (res://scripts/cards/barbaric_brawl_card_effect.gd:15)
SCRIPT ERROR: Parse Error: Could not parse global class "BattleController" from "res://scripts/battle/battle_controller.gd".
   at: GDScript::reload (res://scripts/cards/barbaric_brawl_card_effect.gd:15)
SCRIPT ERROR: Parse Error: Could not parse global class "BattleController" from "res://scripts/battle/battle_controller.gd".
   at: GDScript::reload (res://scripts/cards/barbaric_brawl_card_effect.gd:30)
SCRIPT ERROR: Parse Error: Could not parse global class "BattleController" from "res://scripts/battle/battle_controller.gd".
   at: GDScript::reload (res://scripts/cards/barbaric_brawl_card_effect.gd:30)
SCRIPT ERROR: Parse Error: Could not parse global class "BattleController" from "res://scripts/battle/battle_controller.gd".
   at: GDScript::reload (res://scripts/cards/barbaric_brawl_card_effect.gd:68)
SCRIPT ERROR: Parse Error: Could not parse global class "BattleController" from "res://scripts/battle/battle_controller.gd".
   at: GDScript::reload (res://scripts/cards/barbaric_brawl_card_effect.gd:68)
SCRIPT ERROR: Parse Error: Could not resolve class "BattleController", because of a parser error.
   at: GDScript::reload (res://scripts/cards/barbaric_brawl_card_effect.gd:96)
ERROR: Failed to load script "res://scripts/cards/barbaric_brawl_card_effect.gd" with error "Parse error".
   at: load (modules/gdscript/gdscript.cpp:2907)
SCRIPT ERROR: Parse Error: Could not parse global class "BattleController" from "res://scripts/battle/battle_controller.gd".
   at: GDScript::reload (res://scripts/cards/merciless_slaughter_card_effect.gd:54)
SCRIPT ERROR: Parse Error: Could not parse global class "BattleController" from "res://scripts/battle/battle_controller.gd".
   at: GDScript::reload (res://scripts/cards/merciless_slaughter_card_effect.gd:9)
SCRIPT ERROR: Parse Error: Could not parse global class "BattleController" from "res://scripts/battle/battle_controller.gd".
   at: GDScript::reload (res://scripts/cards/merciless_slaughter_card_effect.gd:9)
SCRIPT ERROR: Parse Error: Could not parse global class "BattleController" from "res://scripts/battle/battle_controller.gd".
   at: GDScript::reload (res://scripts/cards/merciless_slaughter_card_effect.gd:31)
SCRIPT ERROR: Parse Error: Could not parse global class "BattleController" from "res://scripts/battle/battle_controller.gd".
   at: GDScript::reload (res://scripts/cards/merciless_slaughter_card_effect.gd:31)
ERROR: Failed to load script "res://scripts/cards/merciless_slaughter_card_effect.gd" with error "Parse error".
   at: load (modules/gdscript/gdscript.cpp:2907)
SCRIPT ERROR: Parse Error: Could not parse global class "BattleController" from "res://scripts/battle/battle_controller.gd".
   at: GDScript::reload (res://scripts/cards/hidden_blade_again_card_effect.gd:12)
SCRIPT ERROR: Parse Error: Could not parse global class "BattleController" from "res://scripts/battle/battle_controller.gd".
   at: GDScript::reload (res://scripts/cards/hidden_blade_again_card_effect.gd:12)
ERROR: Failed to load script "res://scripts/cards/hidden_blade_again_card_effect.gd" with error "Parse error".
   at: load (modules/gdscript/gdscript.cpp:2907)
SCRIPT ERROR: Parse Error: Could not resolve class "CardPlayCondition".
   at: GDScript::reload (res://scripts/cards/conditions/discard_hand_condition.gd:1)
SCRIPT ERROR: Parse Error: Could not resolve class "CardPlayCondition".
   at: GDScript::reload (res://scripts/cards/conditions/discard_hand_condition.gd:1)
SCRIPT ERROR: Parse Error: Cannot infer the type of "controller" variable because the value doesn't have a set type.
   at: GDScript::reload (res://scripts/cards/conditions/discard_hand_condition.gd:25)
SCRIPT ERROR: Parse Error: Cannot get property "_emit_log" on a null object.
   at: GDScript::reload (res://scripts/cards/conditions/discard_hand_condition.gd:32)
SCRIPT ERROR: Parse Error: Function "_emit_log()" not found in base null.
   at: GDScript::reload (res://scripts/cards/conditions/discard_hand_condition.gd:32)
ERROR: Failed to load script "res://scripts/cards/conditions/discard_hand_condition.gd" with error "Parse error".
   at: load (modules/gdscript/gdscript.cpp:2907)
SCRIPT ERROR: Parse Error: Could not parse global class "BattleController" from "res://scripts/battle/battle_controller.gd".
   at: GDScript::reload (res://scripts/cards/breaching_strike_card_effect.gd:39)
SCRIPT ERROR: Parse Error: Could not parse global class "BattleController" from "res://scripts/battle/battle_controller.gd".
   at: GDScript::reload (res://scripts/cards/breaching_strike_card_effect.gd:14)
SCRIPT ERROR: Parse Error: Could not parse global class "BattleController" from "res://scripts/battle/battle_controller.gd".
   at: GDScript::reload (res://scripts/cards/breaching_strike_card_effect.gd:14)
ERROR: Failed to load script "res://scripts/cards/breaching_strike_card_effect.gd" with error "Parse error".
   at: load (modules/gdscript/gdscript.cpp:2907)
SCRIPT ERROR: Parse Error: Could not parse global class "BattleController" from "res://scripts/battle/battle_controller.gd".
   at: GDScript::reload (res://scripts/cards/battle_cry_card_effect.gd:22)
SCRIPT ERROR: Parse Error: Could not parse global class "BattleController" from "res://scripts/battle/battle_controller.gd".
   at: GDScript::reload (res://scripts/cards/battle_cry_card_effect.gd:27)
SCRIPT ERROR: Parse Error: Could not parse global class "BattleController" from "res://scripts/battle/battle_controller.gd".
   at: GDScript::reload (res://scripts/cards/battle_cry_card_effect.gd:9)
SCRIPT ERROR: Parse Error: Could not parse global class "BattleController" from "res://scripts/battle/battle_controller.gd".
   at: GDScript::reload (res://scripts/cards/battle_cry_card_effect.gd:9)
ERROR: Failed to load script "res://scripts/cards/battle_cry_card_effect.gd" with error "Parse error".
   at: load (modules/gdscript/gdscript.cpp:2907)
SCRIPT ERROR: Parse Error: Could not resolve class "SelfEnchantmentCardEffect".
   at: GDScript::reload (res://scripts/cards/armed_and_armored_card_effect.gd:1)
SCRIPT ERROR: Parse Error: Could not parse global class "BattleController" from "res://scripts/battle/battle_controller.gd".
   at: GDScript::reload (res://scripts/cards/armed_and_armored_card_effect.gd:18)
SCRIPT ERROR: Parse Error: Could not parse global class "BattleController" from "res://scripts/battle/battle_controller.gd".
   at: GDScript::reload (res://scripts/cards/armed_and_armored_card_effect.gd:18)
SCRIPT ERROR: Parse Error: Could not parse global class "BattleController" from "res://scripts/battle/battle_controller.gd".
   at: GDScript::reload (res://scripts/cards/armed_and_armored_card_effect.gd:24)
SCRIPT ERROR: Parse Error: Could not parse global class "BattleController" from "res://scripts/battle/battle_controller.gd".
   at: GDScript::reload (res://scripts/cards/armed_and_armored_card_effect.gd:24)
SCRIPT ERROR: Parse Error: Could not parse global class "BattleController" from "res://scripts/battle/battle_controller.gd".
   at: GDScript::reload (res://scripts/cards/armed_and_armored_card_effect.gd:37)
SCRIPT ERROR: Parse Error: Could not parse global class "BattleController" from "res://scripts/battle/battle_controller.gd".
   at: GDScript::reload (res://scripts/cards/armed_and_armored_card_effect.gd:37)
ERROR: Failed to load script "res://scripts/cards/armed_and_armored_card_effect.gd" with error "Parse error".
   at: load (modules/gdscript/gdscript.cpp:2907)
SCRIPT ERROR: Parse Error: Could not parse global class "BattleController" from "res://scripts/battle/battle_controller.gd".
   at: GDScript::reload (res://scripts/cards/rehearsal_card_effect.gd:63)
SCRIPT ERROR: Parse Error: Could not parse global class "BattleController" from "res://scripts/battle/battle_controller.gd".
   at: GDScript::reload (res://scripts/cards/rehearsal_card_effect.gd:50)
SCRIPT ERROR: Parse Error: Could not parse global class "BattleController" from "res://scripts/battle/battle_controller.gd".
   at: GDScript::reload (res://scripts/cards/rehearsal_card_effect.gd:50)
ERROR: Failed to load script "res://scripts/cards/rehearsal_card_effect.gd" with error "Parse error".
   at: load (modules/gdscript/gdscript.cpp:2907)
SCRIPT ERROR: Parse Error: Could not parse global class "BattleController" from "res://scripts/battle/battle_controller.gd".
   at: GDScript::reload (res://scripts/cards/wound_forged_bulwark_card_effect.gd:40)
SCRIPT ERROR: Parse Error: Could not parse global class "BattleController" from "res://scripts/battle/battle_controller.gd".
   at: GDScript::reload (res://scripts/cards/wound_forged_bulwark_card_effect.gd:23)
SCRIPT ERROR: Parse Error: Could not parse global class "BattleController" from "res://scripts/battle/battle_controller.gd".
   at: GDScript::reload (res://scripts/cards/wound_forged_bulwark_card_effect.gd:23)
SCRIPT ERROR: Parse Error: Could not resolve class "BattleController", because of a parser error.
   at: GDScript::reload (res://scripts/cards/wound_forged_bulwark_card_effect.gd:45)
SCRIPT ERROR: Parse Error: Cannot infer the type of "targets" variable because the value doesn't have a set type.
   at: GDScript::reload (res://scripts/cards/wound_forged_bulwark_card_effect.gd:45)
ERROR: Failed to load script "res://scripts/cards/wound_forged_bulwark_card_effect.gd" with error "Parse error".
   at: load (modules/gdscript/gdscript.cpp:2907)
SCRIPT ERROR: Parse Error: Could not resolve class "SelfEnchantmentCardEffect".
   at: GDScript::reload (res://scripts/cards/bloodied_battle_card_effect.gd:1)
SCRIPT ERROR: Parse Error: Could not parse global class "BattleController" from "res://scripts/battle/battle_controller.gd".
   at: GDScript::reload (res://scripts/cards/bloodied_battle_card_effect.gd:28)
SCRIPT ERROR: Parse Error: Could not parse global class "BattleController" from "res://scripts/battle/battle_controller.gd".
   at: GDScript::reload (res://scripts/cards/bloodied_battle_card_effect.gd:28)
ERROR: Failed to load script "res://scripts/cards/bloodied_battle_card_effect.gd" with error "Parse error".
   at: load (modules/gdscript/gdscript.cpp:2907)
SCRIPT ERROR: Parse Error: Could not resolve class "SelfEnchantmentCardEffect".
   at: GDScript::reload (res://scripts/cards/stand_immovable_card_effect.gd:1)
SCRIPT ERROR: Parse Error: Could not parse global class "BattleController" from "res://scripts/battle/battle_controller.gd".
   at: GDScript::reload (res://scripts/cards/stand_immovable_card_effect.gd:10)
SCRIPT ERROR: Parse Error: Could not parse global class "BattleController" from "res://scripts/battle/battle_controller.gd".
   at: GDScript::reload (res://scripts/cards/stand_immovable_card_effect.gd:10)
SCRIPT ERROR: Parse Error: Could not parse global class "BattleController" from "res://scripts/battle/battle_controller.gd".
   at: GDScript::reload (res://scripts/cards/stand_immovable_card_effect.gd:28)
SCRIPT ERROR: Parse Error: Could not parse global class "BattleController" from "res://scripts/battle/battle_controller.gd".
   at: GDScript::reload (res://scripts/cards/stand_immovable_card_effect.gd:28)
ERROR: Failed to load script "res://scripts/cards/stand_immovable_card_effect.gd" with error "Parse error".
   at: load (modules/gdscript/gdscript.cpp:2907)
SCRIPT ERROR: Parse Error: Could not parse global class "BattleController" from "res://scripts/battle/battle_controller.gd".
   at: GDScript::reload (res://scripts/cards/attack_defense_dance_card_effect.gd:35)
SCRIPT ERROR: Parse Error: Could not parse global class "BattleController" from "res://scripts/battle/battle_controller.gd".
   at: GDScript::reload (res://scripts/cards/attack_defense_dance_card_effect.gd:10)
SCRIPT ERROR: Parse Error: Could not parse global class "BattleController" from "res://scripts/battle/battle_controller.gd".
   at: GDScript::reload (res://scripts/cards/attack_defense_dance_card_effect.gd:10)
SCRIPT ERROR: Parse Error: Cannot infer the type of "result" variable because the value doesn't have a set type.
   at: GDScript::reload (res://scripts/cards/attack_defense_dance_card_effect.gd:38)
ERROR: Failed to load script "res://scripts/cards/attack_defense_dance_card_effect.gd" with error "Parse error".
   at: load (modules/gdscript/gdscript.cpp:2907)
SCRIPT ERROR: Parse Error: Could not resolve class "BattleController", because of a parser error.
   at: GDScript::reload (res://scripts/items/effects/lion_weapon_effect.gd:18)
ERROR: Failed to load script "res://scripts/items/effects/lion_weapon_effect.gd" with error "Parse error".
   at: load (modules/gdscript/gdscript.cpp:2907)
SCRIPT ERROR: Parse Error: Could not parse global class "BattleController" from "res://scripts/battle/battle_controller.gd".
   at: GDScript::reload (res://scripts/items/effects/iron_rock_pair_effect.gd:12)
SCRIPT ERROR: Parse Error: Cannot infer the type of "controller" variable because the value doesn't have a set type.
   at: GDScript::reload (res://scripts/items/effects/iron_rock_pair_effect.gd:12)
SCRIPT ERROR: Parse Error: Could not resolve class "BattleController", because of a parser error.
   at: GDScript::reload (res://scripts/items/effects/iron_rock_pair_effect.gd:21)
SCRIPT ERROR: Parse Error: Could not resolve class "BattleController", because of a parser error.
   at: GDScript::reload (res://scripts/items/effects/iron_rock_pair_effect.gd:31)
ERROR: Failed to load script "res://scripts/items/effects/iron_rock_pair_effect.gd" with error "Parse error".
   at: load (modules/gdscript/gdscript.cpp:2907)
SCRIPT ERROR: Parse Error: Could not parse global class "BattleController" from "res://scripts/battle/battle_controller.gd".
   at: GDScript::reload (res://scripts/items/effects/ember_iron_greataxe_effect.gd:34)
SCRIPT ERROR: Parse Error: Could not parse global class "BattleController" from "res://scripts/battle/battle_controller.gd".
   at: GDScript::reload (res://scripts/items/effects/ember_iron_greataxe_effect.gd:22)
SCRIPT ERROR: Parse Error: Cannot infer the type of "controller" variable because the value doesn't have a set type.
   at: GDScript::reload (res://scripts/items/effects/ember_iron_greataxe_effect.gd:22)
SCRIPT ERROR: Parse Error: Could not resolve class "BattleController", because of a parser error.
   at: GDScript::reload (res://scripts/items/effects/ember_iron_greataxe_effect.gd:43)
ERROR: Failed to load script "res://scripts/items/effects/ember_iron_greataxe_effect.gd" with error "Parse error".
   at: load (modules/gdscript/gdscript.cpp:2907)
SCRIPT ERROR: Parse Error: Could not parse global class "BattleController" from "res://scripts/battle/battle_controller.gd".
   at: GDScript::reload (res://scripts/items/effects/clockwork_gear_effect.gd:11)
SCRIPT ERROR: Parse Error: Cannot infer the type of "controller" variable because the value doesn't have a set type.
   at: GDScript::reload (res://scripts/items/effects/clockwork_gear_effect.gd:11)
SCRIPT ERROR: Parse Error: Could not resolve class "BattleController", because of a parser error.
   at: GDScript::reload (res://scripts/items/effects/clockwork_gear_effect.gd:14)
SCRIPT ERROR: Parse Error: Could not parse global class "BattleController" from "res://scripts/battle/battle_controller.gd".
   at: GDScript::reload (res://scripts/items/effects/clockwork_gear_effect.gd:18)
SCRIPT ERROR: Parse Error: Cannot infer the type of "controller" variable because the value doesn't have a set type.
   at: GDScript::reload (res://scripts/items/effects/clockwork_gear_effect.gd:18)
SCRIPT ERROR: Parse Error: Could not resolve class "BattleController", because of a parser error.
   at: GDScript::reload (res://scripts/items/effects/clockwork_gear_effect.gd:21)
SCRIPT ERROR: Parse Error: Could not resolve class "BattleController", because of a parser error.
   at: GDScript::reload (res://scripts/items/effects/clockwork_gear_effect.gd:32)
SCRIPT ERROR: Parse Error: Could not resolve class "BattleController", because of a parser error.
   at: GDScript::reload (res://scripts/items/effects/clockwork_gear_effect.gd:36)
ERROR: Failed to load script "res://scripts/items/effects/clockwork_gear_effect.gd" with error "Parse error".
   at: load (modules/gdscript/gdscript.cpp:2907)
SCRIPT ERROR: Parse Error: Could not parse global class "BattleController" from "res://scripts/battle/battle_controller.gd".
   at: GDScript::reload (res://scripts/items/effects/ranger_paired_weapon_effect.gd:391)
SCRIPT ERROR: Parse Error: Could not parse global class "BattleController" from "res://scripts/battle/battle_controller.gd".
   at: GDScript::reload (res://scripts/items/effects/ranger_paired_weapon_effect.gd:144)
SCRIPT ERROR: Parse Error: Cannot infer the type of "controller" variable because the value doesn't have a set type.
   at: GDScript::reload (res://scripts/items/effects/ranger_paired_weapon_effect.gd:144)
SCRIPT ERROR: Parse Error: Could not parse global class "BattleController" from "res://scripts/battle/battle_controller.gd".
   at: GDScript::reload (res://scripts/items/effects/ranger_paired_weapon_effect.gd:198)
SCRIPT ERROR: Parse Error: Cannot infer the type of "controller" variable because the value doesn't have a set type.
   at: GDScript::reload (res://scripts/items/effects/ranger_paired_weapon_effect.gd:198)
SCRIPT ERROR: Parse Error: Cannot infer the type of "element" variable because the value doesn't have a set type.
   at: GDScript::reload (res://scripts/items/effects/ranger_paired_weapon_effect.gd:200)
SCRIPT ERROR: Parse Error: Could not parse global class "BattleController" from "res://scripts/battle/battle_controller.gd".
   at: GDScript::reload (res://scripts/items/effects/ranger_paired_weapon_effect.gd:245)
SCRIPT ERROR: Parse Error: Cannot infer the type of "controller" variable because the value doesn't have a set type.
   at: GDScript::reload (res://scripts/items/effects/ranger_paired_weapon_effect.gd:245)
SCRIPT ERROR: Parse Error: Could not parse global class "BattleController" from "res://scripts/battle/battle_controller.gd".
   at: GDScript::reload (res://scripts/items/effects/ranger_paired_weapon_effect.gd:257)
SCRIPT ERROR: Parse Error: Cannot infer the type of "controller" variable because the value doesn't have a set type.
   at: GDScript::reload (res://scripts/items/effects/ranger_paired_weapon_effect.gd:257)
SCRIPT ERROR: Parse Error: Could not parse global class "BattleController" from "res://scripts/battle/battle_controller.gd".
   at: GDScript::reload (res://scripts/items/effects/ranger_paired_weapon_effect.gd:270)
SCRIPT ERROR: Parse Error: Cannot infer the type of "controller" variable because the value doesn't have a set type.
   at: GDScript::reload (res://scripts/items/effects/ranger_paired_weapon_effect.gd:270)
SCRIPT ERROR: Parse Error: Could not parse global class "BattleController" from "res://scripts/battle/battle_controller.gd".
   at: GDScript::reload (res://scripts/items/effects/ranger_paired_weapon_effect.gd:288)
SCRIPT ERROR: Parse Error: Cannot infer the type of "controller" variable because the value doesn't have a set type.
   at: GDScript::reload (res://scripts/items/effects/ranger_paired_weapon_effect.gd:288)
SCRIPT ERROR: Parse Error: Could not parse global class "BattleController" from "res://scripts/battle/battle_controller.gd".
   at: GDScript::reload (res://scripts/items/effects/ranger_paired_weapon_effect.gd:303)
SCRIPT ERROR: Parse Error: Cannot infer the type of "controller" variable because the value doesn't have a set type.
   at: GDScript::reload (res://scripts/items/effects/ranger_paired_weapon_effect.gd:303)
ERROR: Failed to load script "res://scripts/items/effects/ranger_paired_weapon_effect.gd" with error "Parse error".
   at: load (modules/gdscript/gdscript.cpp:2907)
SCRIPT ERROR: Parse Error: Could not resolve class "RangerWeaponCardEffect".
   at: GDScript::reload (res://scripts/cards/ranger_perilous_assault_card_effect.gd:1)
SCRIPT ERROR: Parse Error: Could not resolve class "RangerWeaponCardEffect".
   at: GDScript::reload (res://scripts/cards/ranger_perilous_assault_card_effect.gd:1)
ERROR: Failed to load script "res://scripts/cards/ranger_perilous_assault_card_effect.gd" with error "Parse error".
   at: load (modules/gdscript/gdscript.cpp:2907)
SCRIPT ERROR: Parse Error: Could not resolve class "CardPlayCondition".
   at: GDScript::reload (res://scripts/cards/conditions/ranger_stun_combo_condition.gd:1)
SCRIPT ERROR: Parse Error: Could not resolve class "CardPlayCondition".
   at: GDScript::reload (res://scripts/cards/conditions/ranger_stun_combo_condition.gd:1)
SCRIPT ERROR: Parse Error: Could not parse global class "BattleController" from "res://scripts/battle/battle_controller.gd".
   at: GDScript::reload (res://scripts/cards/conditions/ranger_stun_combo_condition.gd:22)
ERROR: Failed to load script "res://scripts/cards/conditions/ranger_stun_combo_condition.gd" with error "Parse error".
   at: load (modules/gdscript/gdscript.cpp:2907)
SCRIPT ERROR: Parse Error: Could not parse global class "BattleController" from "res://scripts/battle/battle_controller.gd".
   at: GDScript::reload (res://scripts/cards/ranger_shadow_passage_card_effect.gd:36)
SCRIPT ERROR: Parse Error: Could not parse global class "BattleController" from "res://scripts/battle/battle_controller.gd".
   at: GDScript::reload (res://scripts/cards/ranger_shadow_passage_card_effect.gd:46)
SCRIPT ERROR: Parse Error: Could not parse global class "BattleController" from "res://scripts/battle/battle_controller.gd".
   at: GDScript::reload (res://scripts/cards/ranger_shadow_passage_card_effect.gd:61)
SCRIPT ERROR: Parse Error: Could not parse global class "BattleController" from "res://scripts/battle/battle_controller.gd".
   at: GDScript::reload (res://scripts/cards/ranger_shadow_passage_card_effect.gd:10)
SCRIPT ERROR: Parse Error: Could not parse global class "BattleController" from "res://scripts/battle/battle_controller.gd".
   at: GDScript::reload (res://scripts/cards/ranger_shadow_passage_card_effect.gd:10)
SCRIPT ERROR: Parse Error: Could not parse global class "BattleController" from "res://scripts/battle/battle_controller.gd".
   at: GDScript::reload (res://scripts/cards/ranger_shadow_passage_card_effect.gd:22)
SCRIPT ERROR: Parse Error: Could not parse global class "BattleController" from "res://scripts/battle/battle_controller.gd".
   at: GDScript::reload (res://scripts/cards/ranger_shadow_passage_card_effect.gd:22)
ERROR: Failed to load script "res://scripts/cards/ranger_shadow_passage_card_effect.gd" with error "Parse error".
   at: load (modules/gdscript/gdscript.cpp:2907)
SCRIPT ERROR: Parse Error: Could not resolve class "CardPlayCondition".
   at: GDScript::reload (res://scripts/cards/conditions/ranger_other_hand_count_condition.gd:1)
SCRIPT ERROR: Parse Error: Could not resolve class "CardPlayCondition".
   at: GDScript::reload (res://scripts/cards/conditions/ranger_other_hand_count_condition.gd:1)
ERROR: Failed to load script "res://scripts/cards/conditions/ranger_other_hand_count_condition.gd" with error "Parse error".
   at: load (modules/gdscript/gdscript.cpp:2907)
SCRIPT ERROR: Parse Error: Could not parse global class "BattleController" from "res://scripts/battle/battle_controller.gd".
   at: GDScript::reload (res://scripts/cards/ranger_overdrawn_inspiration_card_effect.gd:11)
SCRIPT ERROR: Parse Error: Could not parse global class "BattleController" from "res://scripts/battle/battle_controller.gd".
   at: GDScript::reload (res://scripts/cards/ranger_overdrawn_inspiration_card_effect.gd:11)
ERROR: Failed to load script "res://scripts/cards/ranger_overdrawn_inspiration_card_effect.gd" with error "Parse error".
   at: load (modules/gdscript/gdscript.cpp:2907)
SCRIPT ERROR: Parse Error: Could not resolve class "RangerWeaponCardEffect".
   at: GDScript::reload (res://scripts/cards/ranger_relentless_backslash_card_effect.gd:1)
SCRIPT ERROR: Parse Error: Could not parse global class "BattleController" from "res://scripts/battle/battle_controller.gd".
   at: GDScript::reload (res://scripts/cards/ranger_relentless_backslash_card_effect.gd:73)
SCRIPT ERROR: Parse Error: Could not resolve class "RangerWeaponCardEffect".
   at: GDScript::reload (res://scripts/cards/ranger_relentless_backslash_card_effect.gd:1)
SCRIPT ERROR: Parse Error: Could not parse global class "BattleController" from "res://scripts/battle/battle_controller.gd".
   at: GDScript::reload (res://scripts/cards/ranger_relentless_backslash_card_effect.gd:57)
SCRIPT ERROR: Parse Error: Could not parse global class "BattleController" from "res://scripts/battle/battle_controller.gd".
   at: GDScript::reload (res://scripts/cards/ranger_relentless_backslash_card_effect.gd:57)
ERROR: Failed to load script "res://scripts/cards/ranger_relentless_backslash_card_effect.gd" with error "Parse error".
   at: load (modules/gdscript/gdscript.cpp:2907)
SCRIPT ERROR: Parse Error: Could not resolve class "CardPlayCondition".
   at: GDScript::reload (res://scripts/cards/conditions/ranger_dagger_penalty_combo_condition.gd:1)
SCRIPT ERROR: Parse Error: Could not resolve class "CardPlayCondition".
   at: GDScript::reload (res://scripts/cards/conditions/ranger_dagger_penalty_combo_condition.gd:1)
SCRIPT ERROR: Parse Error: Could not parse global class "BattleController" from "res://scripts/battle/battle_controller.gd".
   at: GDScript::reload (res://scripts/cards/conditions/ranger_dagger_penalty_combo_condition.gd:22)
ERROR: Failed to load script "res://scripts/cards/conditions/ranger_dagger_penalty_combo_condition.gd" with error "Parse error".
   at: load (modules/gdscript/gdscript.cpp:2907)
SCRIPT ERROR: Parse Error: Could not resolve class "RangerWeaponCardEffect".
   at: GDScript::reload (res://scripts/cards/ranger_waiting_prey_card_effect.gd:1)
SCRIPT ERROR: Parse Error: Could not resolve class "RangerWeaponCardEffect".
   at: GDScript::reload (res://scripts/cards/ranger_waiting_prey_card_effect.gd:1)
SCRIPT ERROR: Parse Error: Could not parse global class "BattleController" from "res://scripts/battle/battle_controller.gd".
   at: GDScript::reload (res://scripts/cards/ranger_waiting_prey_card_effect.gd:8)
SCRIPT ERROR: Parse Error: Could not parse global class "BattleController" from "res://scripts/battle/battle_controller.gd".
   at: GDScript::reload (res://scripts/cards/ranger_waiting_prey_card_effect.gd:8)
SCRIPT ERROR: Parse Error: Could not resolve external class member "configure".
   at: GDScript::reload (res://scripts/cards/ranger_waiting_prey_card_effect.gd:17)
ERROR: Failed to load script "res://scripts/cards/ranger_waiting_prey_card_effect.gd" with error "Parse error".
   at: load (modules/gdscript/gdscript.cpp:2907)
SCRIPT ERROR: Parse Error: Could not resolve class "RangerWeaponCardEffect".
   at: GDScript::reload (res://scripts/cards/ranger_hunting_ground_lockdown_card_effect.gd:1)
SCRIPT ERROR: Parse Error: Could not resolve class "RangerWeaponCardEffect".
   at: GDScript::reload (res://scripts/cards/ranger_hunting_ground_lockdown_card_effect.gd:1)
SCRIPT ERROR: Parse Error: Could not parse global class "BattleController" from "res://scripts/battle/battle_controller.gd".
   at: GDScript::reload (res://scripts/cards/ranger_hunting_ground_lockdown_card_effect.gd:8)
SCRIPT ERROR: Parse Error: Could not parse global class "BattleController" from "res://scripts/battle/battle_controller.gd".
   at: GDScript::reload (res://scripts/cards/ranger_hunting_ground_lockdown_card_effect.gd:8)
SCRIPT ERROR: Parse Error: Could not resolve external class member "configure".
   at: GDScript::reload (res://scripts/cards/ranger_hunting_ground_lockdown_card_effect.gd:17)
ERROR: Failed to load script "res://scripts/cards/ranger_hunting_ground_lockdown_card_effect.gd" with error "Parse error".
   at: load (modules/gdscript/gdscript.cpp:2907)
SCRIPT ERROR: Parse Error: Could not resolve class "RangerWeaponCardEffect".
   at: GDScript::reload (res://scripts/cards/ranger_seamless_pursuit_card_effect.gd:1)
SCRIPT ERROR: Parse Error: Could not resolve class "RangerWeaponCardEffect".
   at: GDScript::reload (res://scripts/cards/ranger_seamless_pursuit_card_effect.gd:1)
SCRIPT ERROR: Parse Error: Could not parse global class "BattleController" from "res://scripts/battle/battle_controller.gd".
   at: GDScript::reload (res://scripts/cards/ranger_seamless_pursuit_card_effect.gd:41)
SCRIPT ERROR: Parse Error: Could not parse global class "BattleController" from "res://scripts/battle/battle_controller.gd".
   at: GDScript::reload (res://scripts/cards/ranger_seamless_pursuit_card_effect.gd:41)
SCRIPT ERROR: Parse Error: Could not parse global class "BattleController" from "res://scripts/battle/battle_controller.gd".
   at: GDScript::reload (res://scripts/cards/ranger_seamless_pursuit_card_effect.gd:48)
SCRIPT ERROR: Parse Error: Could not parse global class "BattleController" from "res://scripts/battle/battle_controller.gd".
   at: GDScript::reload (res://scripts/cards/ranger_seamless_pursuit_card_effect.gd:48)
ERROR: Failed to load script "res://scripts/cards/ranger_seamless_pursuit_card_effect.gd" with error "Parse error".
   at: load (modules/gdscript/gdscript.cpp:2907)
SCRIPT ERROR: Parse Error: Could not resolve class "CardPlayCondition".
   at: GDScript::reload (res://scripts/cards/conditions/ranger_selected_discard_combo_condition.gd:1)
SCRIPT ERROR: Parse Error: Could not resolve class "CardPlayCondition".
   at: GDScript::reload (res://scripts/cards/conditions/ranger_selected_discard_combo_condition.gd:1)
SCRIPT ERROR: Parse Error: Could not parse global class "BattleController" from "res://scripts/battle/battle_controller.gd".
   at: GDScript::reload (res://scripts/cards/conditions/ranger_selected_discard_combo_condition.gd:31)
SCRIPT ERROR: Parse Error: Could not parse global class "BattleController" from "res://scripts/battle/battle_controller.gd".
   at: GDScript::reload (res://scripts/cards/conditions/ranger_selected_discard_combo_condition.gd:31)
ERROR: Failed to load script "res://scripts/cards/conditions/ranger_selected_discard_combo_condition.gd" with error "Parse error".
   at: load (modules/gdscript/gdscript.cpp:2907)
SCRIPT ERROR: Parse Error: Could not resolve class "RangerWeaponCardEffect".
   at: GDScript::reload (res://scripts/cards/ranger_cross_hunt_step_card_effect.gd:1)
SCRIPT ERROR: Parse Error: Could not parse global class "BattleController" from "res://scripts/battle/battle_controller.gd".
   at: GDScript::reload (res://scripts/cards/ranger_cross_hunt_step_card_effect.gd:51)
SCRIPT ERROR: Parse Error: Could not parse global class "BattleController" from "res://scripts/battle/battle_controller.gd".
   at: GDScript::reload (res://scripts/cards/ranger_cross_hunt_step_card_effect.gd:105)
SCRIPT ERROR: Parse Error: Could not resolve class "RangerWeaponCardEffect".
   at: GDScript::reload (res://scripts/cards/ranger_cross_hunt_step_card_effect.gd:1)
SCRIPT ERROR: Parse Error: Could not parse global class "BattleController" from "res://scripts/battle/battle_controller.gd".
   at: GDScript::reload (res://scripts/cards/ranger_cross_hunt_step_card_effect.gd:11)
SCRIPT ERROR: Parse Error: Could not parse global class "BattleController" from "res://scripts/battle/battle_controller.gd".
   at: GDScript::reload (res://scripts/cards/ranger_cross_hunt_step_card_effect.gd:11)
SCRIPT ERROR: Parse Error: Could not parse global class "BattleController" from "res://scripts/battle/battle_controller.gd".
   at: GDScript::reload (res://scripts/cards/ranger_cross_hunt_step_card_effect.gd:27)
SCRIPT ERROR: Parse Error: Could not parse global class "BattleController" from "res://scripts/battle/battle_controller.gd".
   at: GDScript::reload (res://scripts/cards/ranger_cross_hunt_step_card_effect.gd:27)
ERROR: Failed to load script "res://scripts/cards/ranger_cross_hunt_step_card_effect.gd" with error "Parse error".
   at: load (modules/gdscript/gdscript.cpp:2907)
SCRIPT ERROR: Parse Error: Could not parse global class "BattleController" from "res://scripts/battle/battle_controller.gd".
   at: GDScript::reload (res://scripts/cards/ranger_full_flavor_card_effect.gd:10)
SCRIPT ERROR: Parse Error: Could not parse global class "BattleController" from "res://scripts/battle/battle_controller.gd".
   at: GDScript::reload (res://scripts/cards/ranger_full_flavor_card_effect.gd:10)
ERROR: Failed to load script "res://scripts/cards/ranger_full_flavor_card_effect.gd" with error "Parse error".
   at: load (modules/gdscript/gdscript.cpp:2907)
SCRIPT ERROR: Parse Error: Could not parse global class "BattleController" from "res://scripts/battle/battle_controller.gd".
   at: GDScript::reload (res://scripts/cards/ranger_exotic_sampling_card_effect.gd:22)
SCRIPT ERROR: Parse Error: Could not parse global class "BattleController" from "res://scripts/battle/battle_controller.gd".
   at: GDScript::reload (res://scripts/cards/ranger_exotic_sampling_card_effect.gd:22)
SCRIPT ERROR: Parse Error: Cannot infer the type of "actual_damage" variable because the value doesn't have a set type.
   at: GDScript::reload (res://scripts/cards/ranger_exotic_sampling_card_effect.gd:35)
ERROR: Failed to load script "res://scripts/cards/ranger_exotic_sampling_card_effect.gd" with error "Parse error".
   at: load (modules/gdscript/gdscript.cpp:2907)
SCRIPT ERROR: Parse Error: Could not parse global class "BattleController" from "res://scripts/battle/battle_controller.gd".
   at: GDScript::reload (res://scripts/cards/ranger_crossbow_tether_card_effect.gd:15)
SCRIPT ERROR: Parse Error: Could not parse global class "BattleController" from "res://scripts/battle/battle_controller.gd".
   at: GDScript::reload (res://scripts/cards/ranger_crossbow_tether_card_effect.gd:15)
SCRIPT ERROR: Parse Error: Cannot infer the type of "attack_range" variable because the value doesn't have a set type.
   at: GDScript::reload (res://scripts/cards/ranger_crossbow_tether_card_effect.gd:22)
SCRIPT ERROR: Parse Error: Could not parse global class "BattleController" from "res://scripts/battle/battle_controller.gd".
   at: GDScript::reload (res://scripts/cards/ranger_crossbow_tether_card_effect.gd:31)
SCRIPT ERROR: Parse Error: Could not parse global class "BattleController" from "res://scripts/battle/battle_controller.gd".
   at: GDScript::reload (res://scripts/cards/ranger_crossbow_tether_card_effect.gd:31)
ERROR: Failed to load script "res://scripts/cards/ranger_crossbow_tether_card_effect.gd" with error "Parse error".
   at: load (modules/gdscript/gdscript.cpp:2907)
SCRIPT ERROR: Parse Error: Could not parse global class "BattleController" from "res://scripts/battle/battle_controller.gd".
   at: GDScript::reload (res://scripts/cards/ranger_desperate_string_card_effect.gd:22)
SCRIPT ERROR: Parse Error: Could not parse global class "BattleController" from "res://scripts/battle/battle_controller.gd".
   at: GDScript::reload (res://scripts/cards/ranger_desperate_string_card_effect.gd:22)
ERROR: Failed to load script "res://scripts/cards/ranger_desperate_string_card_effect.gd" with error "Parse error".
   at: load (modules/gdscript/gdscript.cpp:2907)
SCRIPT ERROR: Parse Error: Could not resolve class "CardPlayCondition".
   at: GDScript::reload (res://scripts/cards/conditions/ranger_only_hand_combo_condition.gd:1)
SCRIPT ERROR: Parse Error: Could not resolve class "CardPlayCondition".
   at: GDScript::reload (res://scripts/cards/conditions/ranger_only_hand_combo_condition.gd:1)
ERROR: Failed to load script "res://scripts/cards/conditions/ranger_only_hand_combo_condition.gd" with error "Parse error".
   at: load (modules/gdscript/gdscript.cpp:2907)
SCRIPT ERROR: Parse Error: Could not parse global class "BattleController" from "res://scripts/battle/battle_controller.gd".
   at: GDScript::reload (res://scripts/cards/ranger_steal_plan_card_effect.gd:33)
SCRIPT ERROR: Parse Error: Could not parse global class "BattleController" from "res://scripts/battle/battle_controller.gd".
   at: GDScript::reload (res://scripts/cards/ranger_steal_plan_card_effect.gd:33)
ERROR: Failed to load script "res://scripts/cards/ranger_steal_plan_card_effect.gd" with error "Parse error".
   at: load (modules/gdscript/gdscript.cpp:2907)
SCRIPT ERROR: Parse Error: Could not parse global class "BattleController" from "res://scripts/battle/battle_controller.gd".
   at: GDScript::reload (res://scripts/cards/ranger_tri_phase_dissection_card_effect.gd:21)
SCRIPT ERROR: Parse Error: Could not parse global class "BattleController" from "res://scripts/battle/battle_controller.gd".
   at: GDScript::reload (res://scripts/cards/ranger_tri_phase_dissection_card_effect.gd:21)
ERROR: Failed to load script "res://scripts/cards/ranger_tri_phase_dissection_card_effect.gd" with error "Parse error".
   at: load (modules/gdscript/gdscript.cpp:2907)
SCRIPT ERROR: Parse Error: Could not resolve class "CardPlayCondition".
   at: GDScript::reload (res://scripts/cards/conditions/ranger_elements_collected_condition.gd:1)
SCRIPT ERROR: Parse Error: Could not resolve class "CardPlayCondition".
   at: GDScript::reload (res://scripts/cards/conditions/ranger_elements_collected_condition.gd:1)
ERROR: Failed to load script "res://scripts/cards/conditions/ranger_elements_collected_condition.gd" with error "Parse error".
   at: load (modules/gdscript/gdscript.cpp:2907)
SCRIPT ERROR: Parse Error: Could not parse global class "BattleController" from "res://scripts/battle/battle_controller.gd".
   at: GDScript::reload (res://scripts/cards/ranger_dual_phase_hunt_card_effect.gd:11)
SCRIPT ERROR: Parse Error: Could not parse global class "BattleController" from "res://scripts/battle/battle_controller.gd".
   at: GDScript::reload (res://scripts/cards/ranger_dual_phase_hunt_card_effect.gd:11)
SCRIPT ERROR: Parse Error: Could not resolve external class member "configure".
   at: GDScript::reload (res://scripts/cards/ranger_dual_phase_hunt_card_effect.gd:25)
ERROR: Failed to load script "res://scripts/cards/ranger_dual_phase_hunt_card_effect.gd" with error "Parse error".
   at: load (modules/gdscript/gdscript.cpp:2907)
SCRIPT ERROR: Parse Error: Could not parse global class "BattleController" from "res://scripts/battle/battle_controller.gd".
   at: GDScript::reload (res://scripts/cards/ranger_exotic_bottle_card_effect.gd:122)
SCRIPT ERROR: Parse Error: Could not parse global class "BattleController" from "res://scripts/battle/battle_controller.gd".
   at: GDScript::reload (res://scripts/cards/ranger_exotic_bottle_card_effect.gd:67)
SCRIPT ERROR: Parse Error: Could not parse global class "BattleController" from "res://scripts/battle/battle_controller.gd".
   at: GDScript::reload (res://scripts/cards/ranger_exotic_bottle_card_effect.gd:67)
SCRIPT ERROR: Parse Error: Could not parse global class "BattleController" from "res://scripts/battle/battle_controller.gd".
   at: GDScript::reload (res://scripts/cards/ranger_exotic_bottle_card_effect.gd:82)
SCRIPT ERROR: Parse Error: Could not parse global class "BattleController" from "res://scripts/battle/battle_controller.gd".
   at: GDScript::reload (res://scripts/cards/ranger_exotic_bottle_card_effect.gd:82)
SCRIPT ERROR: Parse Error: Cannot infer the type of "ambush_multiplier" variable because the value doesn't have a set type.
   at: GDScript::reload (res://scripts/cards/ranger_exotic_bottle_card_effect.gd:108)
SCRIPT ERROR: Parse Error: Cannot infer the type of "target" variable because the value doesn't have a set type.
   at: GDScript::reload (res://scripts/cards/ranger_exotic_bottle_card_effect.gd:123)
ERROR: Failed to load script "res://scripts/cards/ranger_exotic_bottle_card_effect.gd" with error "Parse error".
   at: load (modules/gdscript/gdscript.cpp:2907)
SCRIPT ERROR: Parse Error: Could not resolve class "RangerWeaponCardEffect".
   at: GDScript::reload (res://scripts/cards/ranger_final_hunt_declaration_card_effect.gd:1)
SCRIPT ERROR: Parse Error: Could not parse global class "BattleController" from "res://scripts/battle/battle_controller.gd".
   at: GDScript::reload (res://scripts/cards/ranger_final_hunt_declaration_card_effect.gd:31)
SCRIPT ERROR: Parse Error: Could not resolve class "RangerWeaponCardEffect".
   at: GDScript::reload (res://scripts/cards/ranger_final_hunt_declaration_card_effect.gd:1)
SCRIPT ERROR: Parse Error: Could not parse global class "BattleController" from "res://scripts/battle/battle_controller.gd".
   at: GDScript::reload (res://scripts/cards/ranger_final_hunt_declaration_card_effect.gd:11)
SCRIPT ERROR: Parse Error: Could not parse global class "BattleController" from "res://scripts/battle/battle_controller.gd".
   at: GDScript::reload (res://scripts/cards/ranger_final_hunt_declaration_card_effect.gd:11)
ERROR: Failed to load script "res://scripts/cards/ranger_final_hunt_declaration_card_effect.gd" with error "Parse error".
   at: load (modules/gdscript/gdscript.cpp:2907)
SCRIPT ERROR: Parse Error: Could not resolve class "RangerWeaponCardEffect".
   at: GDScript::reload (res://scripts/cards/ranger_no_place_to_hunt_card_effect.gd:1)
SCRIPT ERROR: Parse Error: Could not resolve class "RangerWeaponCardEffect".
   at: GDScript::reload (res://scripts/cards/ranger_no_place_to_hunt_card_effect.gd:1)
ERROR: Failed to load script "res://scripts/cards/ranger_no_place_to_hunt_card_effect.gd" with error "Parse error".
   at: load (modules/gdscript/gdscript.cpp:2907)
SCRIPT ERROR: Parse Error: Could not parse global class "BattleController" from "res://scripts/battle/battle_controller.gd".
   at: GDScript::reload (res://scripts/cards/ranger_hunter_three_acts_card_effect.gd:59)
SCRIPT ERROR: Parse Error: Could not parse global class "BattleController" from "res://scripts/battle/battle_controller.gd".
   at: GDScript::reload (res://scripts/cards/ranger_hunter_three_acts_card_effect.gd:68)
SCRIPT ERROR: Parse Error: Could not parse global class "BattleController" from "res://scripts/battle/battle_controller.gd".
   at: GDScript::reload (res://scripts/cards/ranger_hunter_three_acts_card_effect.gd:76)
SCRIPT ERROR: Parse Error: Could not parse global class "BattleController" from "res://scripts/battle/battle_controller.gd".
   at: GDScript::reload (res://scripts/cards/ranger_hunter_three_acts_card_effect.gd:15)
SCRIPT ERROR: Parse Error: Could not parse global class "BattleController" from "res://scripts/battle/battle_controller.gd".
   at: GDScript::reload (res://scripts/cards/ranger_hunter_three_acts_card_effect.gd:15)
SCRIPT ERROR: Parse Error: Could not parse global class "BattleController" from "res://scripts/battle/battle_controller.gd".
   at: GDScript::reload (res://scripts/cards/ranger_hunter_three_acts_card_effect.gd:32)
SCRIPT ERROR: Parse Error: Could not parse global class "BattleController" from "res://scripts/battle/battle_controller.gd".
   at: GDScript::reload (res://scripts/cards/ranger_hunter_three_acts_card_effect.gd:32)
SCRIPT ERROR: Parse Error: Cannot infer the type of "index" variable because the value doesn't have a set type.
   at: GDScript::reload (res://scripts/cards/ranger_hunter_three_acts_card_effect.gd:62)
ERROR: Failed to load script "res://scripts/cards/ranger_hunter_three_acts_card_effect.gd" with error "Parse error".
   at: load (modules/gdscript/gdscript.cpp:2907)
SCRIPT ERROR: Parse Error: Could not parse global class "BattleController" from "res://scripts/battle/battle_controller.gd".
   at: GDScript::reload (res://scripts/enemies/melee_enemy_behavior.gd:33)
SCRIPT ERROR: Parse Error: Could not parse global class "BattleController" from "res://scripts/battle/battle_controller.gd".
   at: GDScript::reload (res://scripts/enemies/melee_enemy_behavior.gd:15)
SCRIPT ERROR: Parse Error: Could not parse global class "BattleController" from "res://scripts/battle/battle_controller.gd".
   at: GDScript::reload (res://scripts/enemies/melee_enemy_behavior.gd:15)
SCRIPT ERROR: Parse Error: Cannot infer the type of "target" variable because the value doesn't have a set type.
   at: GDScript::reload (res://scripts/enemies/melee_enemy_behavior.gd:19)
SCRIPT ERROR: Parse Error: Cannot infer the type of "card" variable because the value doesn't have a set type.
   at: GDScript::reload (res://scripts/enemies/melee_enemy_behavior.gd:22)
SCRIPT ERROR: Parse Error: Cannot infer the type of "target_distance" variable because the value doesn't have a set type.
   at: GDScript::reload (res://scripts/enemies/melee_enemy_behavior.gd:42)
SCRIPT ERROR: Parse Error: Cannot infer the type of "move_distance" variable because the value doesn't have a set type.
   at: GDScript::reload (res://scripts/enemies/melee_enemy_behavior.gd:44)
ERROR: Failed to load script "res://scripts/enemies/melee_enemy_behavior.gd" with error "Parse error".
   at: load (modules/gdscript/gdscript.cpp:2907)
SCRIPT ERROR: Parse Error: Could not parse global class "BattleController" from "res://scripts/battle/battle_controller.gd".
   at: GDScript::reload (res://scripts/enemies/ranged_enemy_behavior.gd:35)
SCRIPT ERROR: Parse Error: Could not parse global class "BattleController" from "res://scripts/battle/battle_controller.gd".
   at: GDScript::reload (res://scripts/enemies/ranged_enemy_behavior.gd:17)
SCRIPT ERROR: Parse Error: Could not parse global class "BattleController" from "res://scripts/battle/battle_controller.gd".
   at: GDScript::reload (res://scripts/enemies/ranged_enemy_behavior.gd:17)
SCRIPT ERROR: Parse Error: Cannot infer the type of "target" variable because the value doesn't have a set type.
   at: GDScript::reload (res://scripts/enemies/ranged_enemy_behavior.gd:21)
SCRIPT ERROR: Parse Error: Cannot infer the type of "card" variable because the value doesn't have a set type.
   at: GDScript::reload (res://scripts/enemies/ranged_enemy_behavior.gd:29)
SCRIPT ERROR: Parse Error: Cannot infer the type of "target_distance" variable because the value doesn't have a set type.
   at: GDScript::reload (res://scripts/enemies/ranged_enemy_behavior.gd:44)
SCRIPT ERROR: Parse Error: Cannot infer the type of "move_distance" variable because the value doesn't have a set type.
   at: GDScript::reload (res://scripts/enemies/ranged_enemy_behavior.gd:50)
ERROR: Failed to load script "res://scripts/enemies/ranged_enemy_behavior.gd" with error "Parse error".
   at: load (modules/gdscript/gdscript.cpp:2907)
SCRIPT ERROR: Parse Error: Could not parse global class "BattleController" from "res://scripts/battle/battle_controller.gd".
   at: GDScript::reload (res://scripts/cards/druid_verdant_strike_card_effect.gd:13)
SCRIPT ERROR: Parse Error: Could not parse global class "BattleController" from "res://scripts/battle/battle_controller.gd".
   at: GDScript::reload (res://scripts/cards/druid_verdant_strike_card_effect.gd:13)
ERROR: Failed to load script "res://scripts/cards/druid_verdant_strike_card_effect.gd" with error "Parse error".
   at: load (modules/gdscript/gdscript.cpp:2907)
SCRIPT ERROR: Parse Error: Could not parse global class "BattleController" from "res://scripts/battle/battle_controller.gd".
   at: GDScript::reload (res://scripts/cards/druid_moonlit_mend_card_effect.gd:13)
SCRIPT ERROR: Parse Error: Could not parse global class "BattleController" from "res://scripts/battle/battle_controller.gd".
   at: GDScript::reload (res://scripts/cards/druid_moonlit_mend_card_effect.gd:13)
ERROR: Failed to load script "res://scripts/cards/druid_moonlit_mend_card_effect.gd" with error "Parse error".
   at: load (modules/gdscript/gdscript.cpp:2907)
SCRIPT ERROR: Parse Error: Could not parse global class "BattleController" from "res://scripts/battle/battle_controller.gd".
   at: GDScript::reload (res://scripts/cards/druid_wild_shape_card_effect.gd:9)
SCRIPT ERROR: Parse Error: Could not parse global class "BattleController" from "res://scripts/battle/battle_controller.gd".
   at: GDScript::reload (res://scripts/cards/druid_wild_shape_card_effect.gd:9)
SCRIPT ERROR: Parse Error: Cannot infer the type of "form_result" variable because the value doesn't have a set type.
   at: GDScript::reload (res://scripts/cards/druid_wild_shape_card_effect.gd:21)
ERROR: Failed to load script "res://scripts/cards/druid_wild_shape_card_effect.gd" with error "Parse error".
   at: load (modules/gdscript/gdscript.cpp:2907)
SCRIPT ERROR: Parse Error: Could not parse global class "BattleController" from "res://scripts/battle/battle_controller.gd".
   at: GDScript::reload (res://scripts/cards/druid_rooted_insight_card_effect.gd:9)
SCRIPT ERROR: Parse Error: Could not parse global class "BattleController" from "res://scripts/battle/battle_controller.gd".
   at: GDScript::reload (res://scripts/cards/druid_rooted_insight_card_effect.gd:9)
ERROR: Failed to load script "res://scripts/cards/druid_rooted_insight_card_effect.gd" with error "Parse error".
   at: load (modules/gdscript/gdscript.cpp:2907)
SCRIPT ERROR: Parse Error: Could not parse global class "BattleController" from "res://scripts/battle/battle_controller.gd".
   at: GDScript::reload (res://scripts/items/effects/druid_weapon_effect.gd:556)
SCRIPT ERROR: Parse Error: Could not parse global class "BattleController" from "res://scripts/battle/battle_controller.gd".
   at: GDScript::reload (res://scripts/items/effects/druid_weapon_effect.gd:595)
SCRIPT ERROR: Parse Error: Could not parse global class "BattleController" from "res://scripts/battle/battle_controller.gd".
   at: GDScript::reload (res://scripts/items/effects/druid_weapon_effect.gd:612)
SCRIPT ERROR: Parse Error: Could not parse global class "BattleController" from "res://scripts/battle/battle_controller.gd".
   at: GDScript::reload (res://scripts/items/effects/druid_weapon_effect.gd:659)
SCRIPT ERROR: Parse Error: Could not parse global class "BattleController" from "res://scripts/battle/battle_controller.gd".
   at: GDScript::reload (res://scripts/items/effects/druid_weapon_effect.gd:692)
SCRIPT ERROR: Parse Error: Could not resolve external class member "controller".
   at: GDScript::reload (res://scripts/items/effects/druid_weapon_effect.gd:105)
SCRIPT ERROR: Parse Error: Cannot infer the type of "controller" variable because the value doesn't have a set type.
   at: GDScript::reload (res://scripts/items/effects/druid_weapon_effect.gd:117)
SCRIPT ERROR: Parse Error: Could not parse global class "BattleController" from "res://scripts/battle/battle_controller.gd".
   at: GDScript::reload (res://scripts/items/effects/druid_weapon_effect.gd:154)
SCRIPT ERROR: Parse Error: Cannot infer the type of "controller" variable because the value doesn't have a set type.
   at: GDScript::reload (res://scripts/items/effects/druid_weapon_effect.gd:154)
SCRIPT ERROR: Parse Error: Could not resolve external class member "battle_controller".
   at: GDScript::reload (res://scripts/items/effects/druid_weapon_effect.gd:188)
SCRIPT ERROR: Parse Error: Cannot infer the type of "controller" variable because the value doesn't have a set type.
   at: GDScript::reload (res://scripts/items/effects/druid_weapon_effect.gd:188)
SCRIPT ERROR: Parse Error: Cannot infer the type of "round_number" variable because the value doesn't have a set type.
   at: GDScript::reload (res://scripts/items/effects/druid_weapon_effect.gd:189)
SCRIPT ERROR: Parse Error: Could not parse global class "BattleController" from "res://scripts/battle/battle_controller.gd".
   at: GDScript::reload (res://scripts/items/effects/druid_weapon_effect.gd:207)
SCRIPT ERROR: Parse Error: Cannot infer the type of "controller" variable because the value doesn't have a set type.
   at: GDScript::reload (res://scripts/items/effects/druid_weapon_effect.gd:207)
SCRIPT ERROR: Parse Error: Cannot infer the type of "target" variable because the value doesn't have a set type.
   at: GDScript::reload (res://scripts/items/effects/druid_weapon_effect.gd:208)
SCRIPT ERROR: Parse Error: Could not parse global class "BattleController" from "res://scripts/battle/battle_controller.gd".
   at: GDScript::reload (res://scripts/items/effects/druid_weapon_effect.gd:216)
SCRIPT ERROR: Parse Error: Cannot infer the type of "controller" variable because the value doesn't have a set type.
   at: GDScript::reload (res://scripts/items/effects/druid_weapon_effect.gd:216)
SCRIPT ERROR: Parse Error: Cannot infer the type of "candidates" variable because the value doesn't have a set type.
   at: GDScript::reload (res://scripts/items/effects/druid_weapon_effect.gd:219)
SCRIPT ERROR: Parse Error: Could not parse global class "BattleController" from "res://scripts/battle/battle_controller.gd".
   at: GDScript::reload (res://scripts/items/effects/druid_weapon_effect.gd:303)
SCRIPT ERROR: Parse Error: Cannot infer the type of "controller" variable because the value doesn't have a set type.
   at: GDScript::reload (res://scripts/items/effects/druid_weapon_effect.gd:303)
SCRIPT ERROR: Parse Error: Could not parse global class "BattleController" from "res://scripts/battle/battle_controller.gd".
   at: GDScript::reload (res://scripts/items/effects/druid_weapon_effect.gd:333)
SCRIPT ERROR: Parse Error: Cannot infer the type of "controller" variable because the value doesn't have a set type.
   at: GDScript::reload (res://scripts/items/effects/druid_weapon_effect.gd:333)
SCRIPT ERROR: Parse Error: Could not parse global class "BattleController" from "res://scripts/battle/battle_controller.gd".
   at: GDScript::reload (res://scripts/items/effects/druid_weapon_effect.gd:349)
SCRIPT ERROR: Parse Error: Cannot infer the type of "controller" variable because the value doesn't have a set type.
   at: GDScript::reload (res://scripts/items/effects/druid_weapon_effect.gd:349)
SCRIPT ERROR: Parse Error: Could not parse global class "BattleController" from "res://scripts/battle/battle_controller.gd".
   at: GDScript::reload (res://scripts/items/effects/druid_weapon_effect.gd:388)
SCRIPT ERROR: Parse Error: Cannot infer the type of "controller" variable because the value doesn't have a set type.
   at: GDScript::reload (res://scripts/items/effects/druid_weapon_effect.gd:388)
SCRIPT ERROR: Parse Error: Could not parse global class "BattleController" from "res://scripts/battle/battle_controller.gd".
   at: GDScript::reload (res://scripts/items/effects/druid_weapon_effect.gd:413)
SCRIPT ERROR: Parse Error: Cannot infer the type of "controller" variable because the value doesn't have a set type.
   at: GDScript::reload (res://scripts/items/effects/druid_weapon_effect.gd:413)
SCRIPT ERROR: Parse Error: Could not parse global class "BattleController" from "res://scripts/battle/battle_controller.gd".
   at: GDScript::reload (res://scripts/items/effects/druid_weapon_effect.gd:465)
SCRIPT ERROR: Parse Error: Cannot infer the type of "controller" variable because the value doesn't have a set type.
   at: GDScript::reload (res://scripts/items/effects/druid_weapon_effect.gd:465)
SCRIPT ERROR: Parse Error: Cannot infer the type of "target" variable because the value doesn't have a set type.
   at: GDScript::reload (res://scripts/items/effects/druid_weapon_effect.gd:479)
SCRIPT ERROR: Parse Error: Could not parse global class "BattleController" from "res://scripts/battle/battle_controller.gd".
   at: GDScript::reload (res://scripts/items/effects/druid_weapon_effect.gd:547)
SCRIPT ERROR: Parse Error: Cannot infer the type of "controller" variable because the value doesn't have a set type.
   at: GDScript::reload (res://scripts/items/effects/druid_weapon_effect.gd:547)
SCRIPT ERROR: Parse Error: Cannot infer the type of "first" variable because the value doesn't have a set type.
   at: GDScript::reload (res://scripts/items/effects/druid_weapon_effect.gd:548)
SCRIPT ERROR: Parse Error: Could not resolve class "BattleController", because of a parser error.
   at: GDScript::reload (res://scripts/items/effects/druid_weapon_effect.gd:559)
SCRIPT ERROR: Parse Error: Cannot infer the type of "allies" variable because the value doesn't have a set type.
   at: GDScript::reload (res://scripts/items/effects/druid_weapon_effect.gd:559)
SCRIPT ERROR: Parse Error: Could not parse global class "BattleController" from "res://scripts/battle/battle_controller.gd".
   at: GDScript::reload (res://scripts/items/effects/druid_weapon_effect.gd:634)
SCRIPT ERROR: Parse Error: Cannot infer the type of "controller" variable because the value doesn't have a set type.
   at: GDScript::reload (res://scripts/items/effects/druid_weapon_effect.gd:634)
SCRIPT ERROR: Parse Error: Cannot infer the type of "current" variable because the value doesn't have a set type.
   at: GDScript::reload (res://scripts/items/effects/druid_weapon_effect.gd:674)
SCRIPT ERROR: Parse Error: Could not parse global class "BattleController" from "res://scripts/battle/battle_controller.gd".
   at: GDScript::reload (res://scripts/items/effects/druid_weapon_effect.gd:685)
SCRIPT ERROR: Parse Error: Cannot infer the type of "controller" variable because the value doesn't have a set type.
   at: GDScript::reload (res://scripts/items/effects/druid_weapon_effect.gd:685)
SCRIPT ERROR: Parse Error: Could not parse global class "BattleController" from "res://scripts/battle/battle_controller.gd".
   at: GDScript::reload (res://scripts/items/effects/druid_weapon_effect.gd:708)
SCRIPT ERROR: Parse Error: Cannot infer the type of "controller" variable because the value doesn't have a set type.
   at: GDScript::reload (res://scripts/items/effects/druid_weapon_effect.gd:708)
SCRIPT ERROR: Parse Error: The variable type is being inferred from a Variant value, so it will be typed as Variant. (Warning treated as error.)
   at: GDScript::reload (res://scripts/items/effects/druid_weapon_effect.gd:549)
ERROR: Failed to load script "res://scripts/items/effects/druid_weapon_effect.gd" with error "Parse error".
   at: load (modules/gdscript/gdscript.cpp:2907)
SCRIPT ERROR: Parse Error: Could not parse global class "BattleController" from "res://scripts/battle/battle_controller.gd".
   at: GDScript::reload (res://scripts/cards/druid_channeling_claws_card_effect.gd:53)
SCRIPT ERROR: Parse Error: Could not parse global class "BattleController" from "res://scripts/battle/battle_controller.gd".
   at: GDScript::reload (res://scripts/cards/druid_channeling_claws_card_effect.gd:17)
SCRIPT ERROR: Parse Error: Could not parse global class "BattleController" from "res://scripts/battle/battle_controller.gd".
   at: GDScript::reload (res://scripts/cards/druid_channeling_claws_card_effect.gd:17)
SCRIPT ERROR: Parse Error: Could not parse global class "BattleController" from "res://scripts/battle/battle_controller.gd".
   at: GDScript::reload (res://scripts/cards/druid_channeling_claws_card_effect.gd:48)
SCRIPT ERROR: Parse Error: Could not parse global class "BattleController" from "res://scripts/battle/battle_controller.gd".
   at: GDScript::reload (res://scripts/cards/druid_channeling_claws_card_effect.gd:48)
ERROR: Failed to load script "res://scripts/cards/druid_channeling_claws_card_effect.gd" with error "Parse error".
   at: load (modules/gdscript/gdscript.cpp:2907)
SCRIPT ERROR: Parse Error: Could not parse global class "BattleController" from "res://scripts/battle/battle_controller.gd".
   at: GDScript::reload (res://scripts/cards/druid_binding_enchantment_card_effect.gd:10)
SCRIPT ERROR: Parse Error: Could not parse global class "BattleController" from "res://scripts/battle/battle_controller.gd".
   at: GDScript::reload (res://scripts/cards/druid_binding_enchantment_card_effect.gd:10)
SCRIPT ERROR: Parse Error: Could not parse global class "BattleController" from "res://scripts/battle/battle_controller.gd".
   at: GDScript::reload (res://scripts/cards/druid_binding_enchantment_card_effect.gd:34)
SCRIPT ERROR: Parse Error: Could not parse global class "BattleController" from "res://scripts/battle/battle_controller.gd".
   at: GDScript::reload (res://scripts/cards/druid_binding_enchantment_card_effect.gd:34)
SCRIPT ERROR: Parse Error: Could not parse global class "BattleController" from "res://scripts/battle/battle_controller.gd".
   at: GDScript::reload (res://scripts/cards/druid_binding_enchantment_card_effect.gd:55)
SCRIPT ERROR: Parse Error: Could not parse global class "BattleController" from "res://scripts/battle/battle_controller.gd".
   at: GDScript::reload (res://scripts/cards/druid_binding_enchantment_card_effect.gd:55)
ERROR: Failed to load script "res://scripts/cards/druid_binding_enchantment_card_effect.gd" with error "Parse error".
   at: load (modules/gdscript/gdscript.cpp:2907)
SCRIPT ERROR: Parse Error: Could not parse global class "BattleController" from "res://scripts/battle/battle_controller.gd".
   at: GDScript::reload (res://scripts/cards/druid_forced_drain_card_effect.gd:15)
SCRIPT ERROR: Parse Error: Could not parse global class "BattleController" from "res://scripts/battle/battle_controller.gd".
   at: GDScript::reload (res://scripts/cards/druid_forced_drain_card_effect.gd:15)
ERROR: Failed to load script "res://scripts/cards/druid_forced_drain_card_effect.gd" with error "Parse error".
   at: load (modules/gdscript/gdscript.cpp:2907)
SCRIPT ERROR: Parse Error: Could not parse global class "BattleController" from "res://scripts/battle/battle_controller.gd".
   at: GDScript::reload (res://scripts/cards/druid_canopy_cycle_card_effect.gd:95)
SCRIPT ERROR: Parse Error: Could not parse global class "BattleController" from "res://scripts/battle/battle_controller.gd".
   at: GDScript::reload (res://scripts/cards/druid_canopy_cycle_card_effect.gd:59)
SCRIPT ERROR: Parse Error: Could not parse global class "BattleController" from "res://scripts/battle/battle_controller.gd".
   at: GDScript::reload (res://scripts/cards/druid_canopy_cycle_card_effect.gd:59)
SCRIPT ERROR: Parse Error: Could not parse global class "BattleController" from "res://scripts/battle/battle_controller.gd".
   at: GDScript::reload (res://scripts/cards/druid_canopy_cycle_card_effect.gd:70)
SCRIPT ERROR: Parse Error: Could not parse global class "BattleController" from "res://scripts/battle/battle_controller.gd".
   at: GDScript::reload (res://scripts/cards/druid_canopy_cycle_card_effect.gd:70)
ERROR: Failed to load script "res://scripts/cards/druid_canopy_cycle_card_effect.gd" with error "Parse error".
   at: load (modules/gdscript/gdscript.cpp:2907)
SCRIPT ERROR: Parse Error: Could not parse global class "BattleController" from "res://scripts/battle/battle_controller.gd".
   at: GDScript::reload (res://scripts/cards/druid_bloodwood_covenant_card_effect.gd:83)
SCRIPT ERROR: Parse Error: Could not parse global class "BattleController" from "res://scripts/battle/battle_controller.gd".
   at: GDScript::reload (res://scripts/cards/druid_bloodwood_covenant_card_effect.gd:62)
SCRIPT ERROR: Parse Error: Could not parse global class "BattleController" from "res://scripts/battle/battle_controller.gd".
   at: GDScript::reload (res://scripts/cards/druid_bloodwood_covenant_card_effect.gd:62)
SCRIPT ERROR: Parse Error: Cannot infer the type of "actual_damage" variable because the value doesn't have a set type.
   at: GDScript::reload (res://scripts/cards/druid_bloodwood_covenant_card_effect.gd:72)
ERROR: Failed to load script "res://scripts/cards/druid_bloodwood_covenant_card_effect.gd" with error "Parse error".
   at: load (modules/gdscript/gdscript.cpp:2907)
SCRIPT ERROR: Parse Error: Could not parse global class "BattleController" from "res://scripts/battle/battle_controller.gd".
   at: GDScript::reload (res://scripts/cards/druid_overgrowth_graft_card_effect.gd:94)
SCRIPT ERROR: Parse Error: Could not parse global class "BattleController" from "res://scripts/battle/battle_controller.gd".
   at: GDScript::reload (res://scripts/cards/druid_overgrowth_graft_card_effect.gd:61)
SCRIPT ERROR: Parse Error: Could not parse global class "BattleController" from "res://scripts/battle/battle_controller.gd".
   at: GDScript::reload (res://scripts/cards/druid_overgrowth_graft_card_effect.gd:61)
SCRIPT ERROR: Parse Error: Cannot infer the type of "total_lifesteal" variable because the value doesn't have a set type.
   at: GDScript::reload (res://scripts/cards/druid_overgrowth_graft_card_effect.gd:71)
SCRIPT ERROR: Parse Error: Could not parse global class "BattleController" from "res://scripts/battle/battle_controller.gd".
   at: GDScript::reload (res://scripts/cards/druid_overgrowth_graft_card_effect.gd:89)
SCRIPT ERROR: Parse Error: Could not parse global class "BattleController" from "res://scripts/battle/battle_controller.gd".
   at: GDScript::reload (res://scripts/cards/druid_overgrowth_graft_card_effect.gd:89)
ERROR: Failed to load script "res://scripts/cards/druid_overgrowth_graft_card_effect.gd" with error "Parse error".
   at: load (modules/gdscript/gdscript.cpp:2907)
SCRIPT ERROR: Parse Error: Could not resolve class "BattleController", because of a parser error.
   at: GDScript::reload (res://scripts/battle/battle_scene.gd:23)
SCRIPT ERROR: Parse Error: Cannot infer the type of "controller" variable because the value doesn't have a set type.
   at: GDScript::reload (res://scripts/battle/battle_scene.gd:23)
SCRIPT ERROR: Parse Error: Could not resolve external class member "setup".
   at: GDScript::reload (res://scripts/battle/battle_scene.gd:97)
SCRIPT ERROR: Parse Error: Cannot infer the type of "cell" variable because the value doesn't have a set type.
   at: GDScript::reload (res://scripts/battle/battle_scene.gd:125)
SCRIPT ERROR: Parse Error: Could not resolve class "BattleController", because of a parser error.
   at: GDScript::reload (res://scripts/battle/battle_scene.gd:127)
SCRIPT ERROR: Parse Error: Could not resolve class "BattleController", because of a parser error.
   at: GDScript::reload (res://scripts/battle/battle_scene.gd:131)
SCRIPT ERROR: Parse Error: Cannot infer the type of "clicked_unit" variable because the value doesn't have a set type.
   at: GDScript::reload (res://scripts/battle/battle_scene.gd:136)
SCRIPT ERROR: Parse Error: Cannot infer the type of "unit" variable because the value doesn't have a set type.
   at: GDScript::reload (res://scripts/battle/battle_scene.gd:259)
SCRIPT ERROR: Parse Error: Cannot infer the type of "unit" variable because the value doesn't have a set type.
   at: GDScript::reload (res://scripts/battle/battle_scene.gd:312)
SCRIPT ERROR: Parse Error: Cannot infer the type of "unit" variable because the value doesn't have a set type.
   at: GDScript::reload (res://scripts/battle/battle_scene.gd:497)
SCRIPT ERROR: Parse Error: Could not resolve class "BattleController", because of a parser error.
   at: GDScript::reload (res://scripts/battle/battle_scene.gd:603)
SCRIPT ERROR: Parse Error: Could not resolve class "BattleController", because of a parser error.
   at: GDScript::reload (res://scripts/battle/battle_scene.gd:604)
SCRIPT ERROR: Parse Error: Cannot infer the type of "is_player_turn" variable because the value doesn't have a set type.
   at: GDScript::reload (res://scripts/battle/battle_scene.gd:604)
SCRIPT ERROR: Parse Error: Cannot infer the type of "current" variable because the value doesn't have a set type.
   at: GDScript::reload (res://scripts/battle/battle_scene.gd:619)
SCRIPT ERROR: Parse Error: Could not resolve class "BattleController", because of a parser error.
   at: GDScript::reload (res://scripts/battle/battle_scene.gd:631)
SCRIPT ERROR: Parse Error: Cannot infer the type of "equipment_summary" variable because the value doesn't have a set type.
   at: GDScript::reload (res://scripts/battle/battle_scene.gd:708)
SCRIPT ERROR: Parse Error: Could not resolve class "BattleController", because of a parser error.
   at: GDScript::reload (res://scripts/battle/battle_scene.gd:715)
SCRIPT ERROR: Parse Error: Could not resolve class "BattleController", because of a parser error.
   at: GDScript::reload (res://scripts/battle/battle_scene.gd:716)
SCRIPT ERROR: Parse Error: Cannot infer the type of "display_ap_cost" variable because the value doesn't have a set type.
   at: GDScript::reload (res://scripts/battle/battle_scene.gd:750)
SCRIPT ERROR: Parse Error: Cannot infer the type of "unit" variable because the value doesn't have a set type.
   at: GDScript::reload (res://scripts/battle/battle_scene.gd:789)
SCRIPT ERROR: Parse Error: Cannot infer the type of "unit" variable because the value doesn't have a set type.
   at: GDScript::reload (res://scripts/battle/battle_scene.gd:801)
SCRIPT ERROR: Parse Error: Cannot infer the type of "unit" variable because the value doesn't have a set type.
   at: GDScript::reload (res://scripts/battle/battle_scene.gd:816)
SCRIPT ERROR: Parse Error: Cannot infer the type of "can_discard_action" variable because the value doesn't have a set type.
   at: GDScript::reload (res://scripts/battle/battle_scene.gd:833)
SCRIPT ERROR: Parse Error: Cannot infer the type of "unit" variable because the value doesn't have a set type.
   at: GDScript::reload (res://scripts/battle/battle_scene.gd:947)
SCRIPT ERROR: Parse Error: Cannot infer the type of "played" variable because the value doesn't have a set type.
   at: GDScript::reload (res://scripts/battle/battle_scene.gd:1020)
SCRIPT ERROR: Parse Error: Could not resolve class "BattleController", because of a parser error.
   at: GDScript::reload (res://scripts/battle/battle_scene.gd:1033)
SCRIPT ERROR: Parse Error: Could not resolve class "BattleController", because of a parser error.
   at: GDScript::reload (res://scripts/battle/battle_scene.gd:1035)
SCRIPT ERROR: Parse Error: Could not resolve class "BattleController", because of a parser error.
   at: GDScript::reload (res://scripts/battle/battle_scene.gd:1037)
SCRIPT ERROR: Parse Error: Cannot infer the type of "unit" variable because the value doesn't have a set type.
   at: GDScript::reload (res://scripts/battle/battle_scene.gd:1365)
SCRIPT ERROR: Parse Error: Cannot infer the type of "unit" variable because the value doesn't have a set type.
   at: GDScript::reload (res://scripts/battle/battle_scene.gd:1393)
SCRIPT ERROR: Parse Error: Cannot infer the type of "unit" variable because the value doesn't have a set type.
   at: GDScript::reload (res://scripts/battle/battle_scene.gd:1550)
SCRIPT ERROR: Parse Error: Cannot infer the type of "pending_unit" variable because the value doesn't have a set type.
   at: GDScript::reload (res://scripts/battle/battle_scene.gd:1569)
SCRIPT ERROR: Parse Error: Cannot infer the type of "actions" variable because the value doesn't have a set type.
   at: GDScript::reload (res://scripts/battle/battle_scene.gd:1770)
SCRIPT ERROR: Parse Error: Cannot infer the type of "unit" variable because the value doesn't have a set type.
   at: GDScript::reload (res://scripts/battle/battle_scene.gd:1787)
SCRIPT ERROR: Parse Error: Cannot infer the type of "options" variable because the value doesn't have a set type.
   at: GDScript::reload (res://scripts/battle/battle_scene.gd:1900)
ERROR: Failed to load script "res://scripts/battle/battle_scene.gd" with error "Parse error".
   at: load (modules/gdscript/gdscript.cpp:2907)
SCRIPT ERROR: Parse Error: Could not parse global class "BattleController" from "res://scripts/battle/battle_controller.gd".
   at: GDScript::reload (res://scripts/battle/battle_map_view.gd:15)
SCRIPT ERROR: Parse Error: Could not parse global class "BattleController" from "res://scripts/battle/battle_controller.gd".
   at: GDScript::reload (res://scripts/battle/battle_map_view.gd:26)
SCRIPT ERROR: Parse Error: Cannot infer the type of "polygon" variable because the value doesn't have a set type.
   at: GDScript::reload (res://scripts/battle/battle_map_view.gd:160)
SCRIPT ERROR: Parse Error: Cannot infer the type of "unit" variable because the value doesn't have a set type.
   at: GDScript::reload (res://scripts/battle/battle_map_view.gd:201)
SCRIPT ERROR: Parse Error: Cannot infer the type of "unit" variable because the value doesn't have a set type.
   at: GDScript::reload (res://scripts/battle/battle_map_view.gd:211)
SCRIPT ERROR: Parse Error: Cannot infer the type of "attack_range" variable because the value doesn't have a set type.
   at: GDScript::reload (res://scripts/battle/battle_map_view.gd:217)
SCRIPT ERROR: Parse Error: Cannot infer the type of "unit" variable because the value doesn't have a set type.
   at: GDScript::reload (res://scripts/battle/battle_map_view.gd:226)
SCRIPT ERROR: Parse Error: Cannot infer the type of "profile" variable because the value doesn't have a set type.
   at: GDScript::reload (res://scripts/battle/battle_map_view.gd:240)
SCRIPT ERROR: Parse Error: Cannot infer the type of "targetless_weapon_range" variable because the value doesn't have a set type.
   at: GDScript::reload (res://scripts/battle/battle_map_view.gd:241)
SCRIPT ERROR: Parse Error: Cannot infer the type of "effective_range" variable because the value doesn't have a set type.
   at: GDScript::reload (res://scripts/battle/battle_map_view.gd:243)
SCRIPT ERROR: Parse Error: Could not resolve class "BattleController", because of a parser error.
   at: GDScript::reload (res://scripts/battle/battle_map_view.gd:250)
SCRIPT ERROR: Parse Error: Cannot infer the type of "unit" variable because the value doesn't have a set type.
   at: GDScript::reload (res://scripts/battle/battle_map_view.gd:264)
SCRIPT ERROR: Parse Error: Cannot infer the type of "token_position" variable because the value doesn't have a set type.
   at: GDScript::reload (res://scripts/battle/battle_map_view.gd:294)
SCRIPT ERROR: Parse Error: Cannot infer the type of "battle_texture" variable because the value doesn't have a set type.
   at: GDScript::reload (res://scripts/battle/battle_map_view.gd:299)
SCRIPT ERROR: Parse Error: Cannot infer the type of "polygon" variable because the value doesn't have a set type.
   at: GDScript::reload (res://scripts/battle/battle_map_view.gd:322)
SCRIPT ERROR: Parse Error: Cannot infer the type of "map_size" variable because the value doesn't have a set type.
   at: GDScript::reload (res://scripts/battle/battle_map_view.gd:362)
SCRIPT ERROR: Parse Error: Cannot infer the type of "map_screen_size" variable because the value doesn't have a set type.
   at: GDScript::reload (res://scripts/battle/battle_map_view.gd:377)
SCRIPT ERROR: Parse Error: Cannot infer the type of "center_x" variable because the value doesn't have a set type.
   at: GDScript::reload (res://scripts/battle/battle_map_view.gd:380)
SCRIPT ERROR: Parse Error: Cannot infer the type of "center_y" variable because the value doesn't have a set type.
   at: GDScript::reload (res://scripts/battle/battle_map_view.gd:386)
ERROR: Failed to load script "res://scripts/battle/battle_map_view.gd" with error "Parse error".
   at: load (modules/gdscript/gdscript.cpp:2907)
[  50% ] loading_editor_layout | 正在加载中央编辑器布局……
[  66% ] loading_editor_layout | 正在加载插件窗口布局……
SCRIPT ERROR: Parse Error: Could not parse global class "BattleController" from "res://scripts/battle/battle_controller.gd".
   at: GDScript::reload (res://scripts/battle/battle_resolution_runner.gd:9)
SCRIPT ERROR: Parse Error: Could not parse global class "BattleController" from "res://scripts/battle/battle_controller.gd".
   at: GDScript::reload (res://scripts/battle/battle_resolution_runner.gd:22)
ERROR: Failed to load script "res://scripts/battle/battle_resolution_runner.gd" with error "Parse error".
   at: load (modules/gdscript/gdscript.cpp:2907)
[  83% ] loading_editor_layout | 编辑器布局就绪。
[ DONE ] loading_editor_layout

