Godot Engine v4.6.3.stable.official.7d41c59c4 - https://godotengine.org

[   0% ] first_scan_filesystem | Started 项目初始化 (5 steps)
[   0% ] first_scan_filesystem | 正在扫描文件结构……
[  16% ] first_scan_filesystem | 正在加载全局类名……
[  33% ] first_scan_filesystem | 正在校验 GDExtension……
[  50% ] first_scan_filesystem | 正在创建自动加载脚本……
[  66% ] first_scan_filesystem | 正在初始化插件……
[  83% ] first_scan_filesystem | 正在启动文件扫描……
[ DONE ] first_scan_filesystem

[   0% ] update_scripts_classes | Started 正在注册全局类…… (12 steps)
[   0% ] update_scripts_classes | BattleController
[   7% ] update_scripts_classes | BattleScene
[  15% ] update_scripts_classes | BattleStrikeResolver
[  23% ] update_scripts_classes | BattleUnitState
[  30% ] update_scripts_classes | CharacterState
[  38% ] update_scripts_classes | DruidWeaponEffect
[  46% ] update_scripts_classes | EquipmentEffect
[  53% ] update_scripts_classes | ArmorStatus
[  61% ] update_scripts_classes | DruidCurseWaveStatus
[  69% ] update_scripts_classes | DruidDelayedDamageStatus
[  76% ] update_scripts_classes | DruidWeaknessStatus
[  84% ] update_scripts_classes | 
[ DONE ] update_scripts_classes

[   0% ] loading_editor_layout | Started 正在加载编辑器 (5 steps)
[   0% ] loading_editor_layout | 正在加载编辑器布局……
[  16% ] loading_editor_layout | 正在加载停靠面板……
[  33% ] loading_editor_layout | 正在重新打开场景……
SCRIPT ERROR: Parse Error: The variable type is being inferred from a Variant value, so it will be typed as Variant. (Warning treated as error.)
   at: GDScript::reload (res://scripts/items/effects/druid_weapon_effect.gd:271)
ERROR: Failed to load script "res://scripts/items/effects/druid_weapon_effect.gd" with error "Parse error".
   at: load (modules/gdscript/gdscript.cpp:2907)
[  50% ] loading_editor_layout | 正在加载中央编辑器布局……
[  66% ] loading_editor_layout | 正在加载插件窗口布局……
[  83% ] loading_editor_layout | 编辑器布局就绪。
[ DONE ] loading_editor_layout

