Godot Engine v4.7.1.stable.steam.a13da4feb - https://godotengine.org

SCRIPT ERROR: Parse Error: Function "can_deliver_adventurer_remains" has the same name as a previously declared function.
   at: GDScript::reload (res://scripts/adventure/adventure_session.gd:526)
ERROR: Failed to load script "res://scripts/adventure/adventure_session.gd" with error "Parse error".
   at: load (modules/gdscript/gdscript_resource_format.cpp:46)
ERROR: Failed to instantiate an autoload, script 'res://scripts/adventure/adventure_session.gd' does not inherit from 'Node'.
   at: start (main/main.cpp:4535)
SCRIPT ERROR: Parse Error: Could not parse global class "AdventureSessionService" from "res://scripts/adventure/adventure_session.gd".
   at: GDScript::reload (res://tools/diagnostics/adventure_system_check.gd:562)
SCRIPT ERROR: Parse Error: Could not resolve class "AdventureSessionService", because of a parser error.
   at: GDScript::reload (res://tools/diagnostics/adventure_system_check.gd:185)
SCRIPT ERROR: Parse Error: Cannot infer the type of "service" variable because the value doesn't have a set type.
   at: GDScript::reload (res://tools/diagnostics/adventure_system_check.gd:185)
SCRIPT ERROR: Parse Error: Cannot infer the type of "scenario" variable because the value doesn't have a set type.
   at: GDScript::reload (res://tools/diagnostics/adventure_system_check.gd:187)
SCRIPT ERROR: Parse Error: Cannot infer the type of "scaled_enemy" variable because the value doesn't have a set type.
   at: GDScript::reload (res://tools/diagnostics/adventure_system_check.gd:196)
SCRIPT ERROR: Parse Error: Could not resolve class "AdventureSessionService", because of a parser error.
   at: GDScript::reload (res://tools/diagnostics/adventure_system_check.gd:252)
SCRIPT ERROR: Parse Error: Cannot infer the type of "service" variable because the value doesn't have a set type.
   at: GDScript::reload (res://tools/diagnostics/adventure_system_check.gd:252)
SCRIPT ERROR: Parse Error: Cannot infer the type of "reward" variable because the value doesn't have a set type.
   at: GDScript::reload (res://tools/diagnostics/adventure_system_check.gd:262)
SCRIPT ERROR: Parse Error: Could not resolve external class member "session".
   at: GDScript::reload (res://tools/diagnostics/adventure_system_check.gd:282)
SCRIPT ERROR: Parse Error: Cannot infer the type of "altar_service" variable because the value doesn't have a set type.
   at: GDScript::reload (res://tools/diagnostics/adventure_system_check.gd:430)
SCRIPT ERROR: Parse Error: Cannot infer the type of "altar_run" variable because the value doesn't have a set type.
   at: GDScript::reload (res://tools/diagnostics/adventure_system_check.gd:431)
SCRIPT ERROR: Parse Error: Cannot infer the type of "altar_selection" variable because the value doesn't have a set type.
   at: GDScript::reload (res://tools/diagnostics/adventure_system_check.gd:434)
SCRIPT ERROR: Parse Error: Cannot infer the type of "altar_result" variable because the value doesn't have a set type.
   at: GDScript::reload (res://tools/diagnostics/adventure_system_check.gd:443)
SCRIPT ERROR: Parse Error: Cannot infer the type of "wanderer_service" variable because the value doesn't have a set type.
   at: GDScript::reload (res://tools/diagnostics/adventure_system_check.gd:451)
SCRIPT ERROR: Parse Error: Cannot infer the type of "merchant_service" variable because the value doesn't have a set type.
   at: GDScript::reload (res://tools/diagnostics/adventure_system_check.gd:472)
SCRIPT ERROR: Parse Error: Cannot infer the type of "merchant_stock" variable because the value doesn't have a set type.
   at: GDScript::reload (res://tools/diagnostics/adventure_system_check.gd:473)
SCRIPT ERROR: Parse Error: Cannot infer the type of "chapel_service" variable because the value doesn't have a set type.
   at: GDScript::reload (res://tools/diagnostics/adventure_system_check.gd:482)
SCRIPT ERROR: Parse Error: Cannot infer the type of "chapel_room" variable because the value doesn't have a set type.
   at: GDScript::reload (res://tools/diagnostics/adventure_system_check.gd:483)
SCRIPT ERROR: Parse Error: Cannot infer the type of "chapel_receiver" variable because the value doesn't have a set type.
   at: GDScript::reload (res://tools/diagnostics/adventure_system_check.gd:487)
SCRIPT ERROR: Parse Error: Cannot infer the type of "chapel_result" variable because the value doesn't have a set type.
   at: GDScript::reload (res://tools/diagnostics/adventure_system_check.gd:488)
SCRIPT ERROR: Parse Error: Cannot infer the type of "arcanist_service" variable because the value doesn't have a set type.
   at: GDScript::reload (res://tools/diagnostics/adventure_system_check.gd:498)
SCRIPT ERROR: Parse Error: Cannot infer the type of "arcanist_room" variable because the value doesn't have a set type.
   at: GDScript::reload (res://tools/diagnostics/adventure_system_check.gd:499)
SCRIPT ERROR: Parse Error: Cannot infer the type of "arcanist_receiver" variable because the value doesn't have a set type.
   at: GDScript::reload (res://tools/diagnostics/adventure_system_check.gd:501)
SCRIPT ERROR: Parse Error: Cannot infer the type of "previous_limit" variable because the value doesn't have a set type.
   at: GDScript::reload (res://tools/diagnostics/adventure_system_check.gd:502)
SCRIPT ERROR: Parse Error: Cannot infer the type of "arcanist_result" variable because the value doesn't have a set type.
   at: GDScript::reload (res://tools/diagnostics/adventure_system_check.gd:503)
SCRIPT ERROR: Parse Error: Cannot infer the type of "card_choice_service" variable because the value doesn't have a set type.
   at: GDScript::reload (res://tools/diagnostics/adventure_system_check.gd:508)
SCRIPT ERROR: Parse Error: Cannot infer the type of "card_choice_room" variable because the value doesn't have a set type.
   at: GDScript::reload (res://tools/diagnostics/adventure_system_check.gd:509)
SCRIPT ERROR: Parse Error: Cannot infer the type of "card_choice_hero" variable because the value doesn't have a set type.
   at: GDScript::reload (res://tools/diagnostics/adventure_system_check.gd:510)
SCRIPT ERROR: Parse Error: Cannot infer the type of "deck_size_before" variable because the value doesn't have a set type.
   at: GDScript::reload (res://tools/diagnostics/adventure_system_check.gd:511)
SCRIPT ERROR: Parse Error: Cannot infer the type of "pending_card_reward" variable because the value doesn't have a set type.
   at: GDScript::reload (res://tools/diagnostics/adventure_system_check.gd:513)
SCRIPT ERROR: Parse Error: Cannot infer the type of "delivery_service" variable because the value doesn't have a set type.
   at: GDScript::reload (res://tools/diagnostics/adventure_system_check.gd:523)
SCRIPT ERROR: Parse Error: Cannot infer the type of "delivery_hero" variable because the value doesn't have a set type.
   at: GDScript::reload (res://tools/diagnostics/adventure_system_check.gd:524)
SCRIPT ERROR: Parse Error: Cannot infer the type of "remains_stack" variable because the value doesn't have a set type.
   at: GDScript::reload (res://tools/diagnostics/adventure_system_check.gd:525)
SCRIPT ERROR: Parse Error: Cannot infer the type of "delivery_result" variable because the value doesn't have a set type.
   at: GDScript::reload (res://tools/diagnostics/adventure_system_check.gd:536)
SCRIPT ERROR: Parse Error: Cannot infer the type of "delivery_reward" variable because the value doesn't have a set type.
   at: GDScript::reload (res://tools/diagnostics/adventure_system_check.gd:537)
SCRIPT ERROR: Parse Error: Cannot infer the type of "chaos_service" variable because the value doesn't have a set type.
   at: GDScript::reload (res://tools/diagnostics/adventure_system_check.gd:553)
SCRIPT ERROR: Parse Error: Cannot infer the type of "chaos_result" variable because the value doesn't have a set type.
   at: GDScript::reload (res://tools/diagnostics/adventure_system_check.gd:554)
SCRIPT ERROR: Parse Error: Could not resolve class "AdventureSessionService", because of a parser error.
   at: GDScript::reload (res://tools/diagnostics/adventure_system_check.gd:589)
SCRIPT ERROR: Parse Error: Cannot infer the type of "service" variable because the value doesn't have a set type.
   at: GDScript::reload (res://tools/diagnostics/adventure_system_check.gd:589)
ERROR: Failed to load script "res://tools/diagnostics/adventure_system_check.gd" with error "Parse error".
   at: load (modules/gdscript/gdscript_resource_format.cpp:46)
